17:48:45 **** Incremental Build of configuration Debug for project MB_app ****
make all 
make: Nothing to be done for 'all'.
17:48:53 **** Incremental Build of configuration Debug for project Zynq_App ****
make pre-build main-build 
a9-linaro-pre-build-step
' '
make: Nothing to be done for 'main-build'.
17:48:53 **** Incremental Build of configuration Debug for project MB_app ****
make all 
make: Nothing to be done for 'all'.
17:49:43 **** Auto Build of configuration Debug for project MB_app ****
make all 
'Building file: ../src/MB_ex.c'
'Invoking: MicroBlaze gcc compiler'
mb-gcc -Wall -O0 -g3 -c -fmessage-length=0 -MT"src/MB_ex.o" -I../../MB_app_bsp/microblaze_0/include -mno-xl-reorder -mlittle-endian -mxl-barrel-shift -mxl-pattern-compare -mcpu=v11.0 -mno-xl-soft-mul -Wl,--no-relax -ffunction-sections -fdata-sections -MMD -MP -MF"src/MB_ex.d" -MT"src/MB_ex.o" -o "src/MB_ex.o" "../src/MB_ex.c"
../src/MB_ex.c: In function 'main':
../src/MB_ex.c:32:2: warning: implicit declaration of function 'sleep'; did you mean 'strsep'? [-Wimplicit-function-declaration]
  sleep(1);
  ^~~~~
  strsep
'Finished building: ../src/MB_ex.c'
' '
'Building target: MB_app.elf'
'Invoking: MicroBlaze gcc linker'
mb-gcc -Wl,-T -Wl,../src/lscript.ld -L../../MB_app_bsp/microblaze_0/lib -mlittle-endian -mxl-barrel-shift -mxl-pattern-compare -mcpu=v11.0 -mno-xl-soft-mul -Wl,--no-relax -Wl,--gc-sections -o "MB_app.elf"  ./src/MB_ex.o   -Wl,--start-group,-lxil,-lgcc,-lc,--end-group
'Finished building target: MB_app.elf'
' '
'Invoking: MicroBlaze Print Size'
mb-size MB_app.elf  |tee "MB_app.elf.size"
   text	   data	    bss	    dec	    hex	filename
   4590	    356	   3118	   8064	   1f80	MB_app.elf
'Finished building: MB_app.elf.size'
' '
17:49:50 **** Auto Build of configuration Debug for project Zynq_App ****
make pre-build main-build 
a9-linaro-pre-build-step
' '
'Building file: ../src/helloworld.c'
'Invoking: ARM v7 gcc compiler'
arm-none-eabi-gcc -Wall -O0 -g3 -c -fmessage-length=0 -MT"src/helloworld.o" -mcpu=cortex-a9 -mfpu=vfpv3 -mfloat-abi=hard -I../../Zynq_App_bsp/ps7_cortexa9_0/include -MMD -MP -MF"src/helloworld.d" -MT"src/helloworld.o" -o "src/helloworld.o" "../src/helloworld.c"
'Finished building: ../src/helloworld.c'
' '
'Building target: Zynq_App.elf'
'Invoking: ARM v7 gcc linker'
arm-none-eabi-gcc -mcpu=cortex-a9 -mfpu=vfpv3 -mfloat-abi=hard -Wl,-build-id=none -specs=Xilinx.spec -Wl,-T -Wl,../src/lscript.ld -L../../Zynq_App_bsp/ps7_cortexa9_0/lib -o "Zynq_App.elf"  ./src/helloworld.o ./src/platform.o   -Wl,--start-group,-lxil,-lgcc,-lc,--end-group
'Finished building target: Zynq_App.elf'
' '
'Invoking: ARM v7 Print Size'
arm-none-eabi-size Zynq_App.elf  |tee "Zynq_App.elf.size"
   text	   data	    bss	    dec	    hex	filename
  25480	   1168	  22584	  49232	   c050	Zynq_App.elf
'Finished building: Zynq_App.elf.size'
' '
17:50:04 **** Incremental Build of configuration Debug for project Zynq_App ****
make pre-build main-build 
a9-linaro-pre-build-step
' '
make: Nothing to be done for 'main-build'.
17:50:04 **** Incremental Build of configuration Debug for project MB_app ****
make all 
make: Nothing to be done for 'all'.
17:51:07 **** Auto Build of configuration Debug for project Zynq_App ****
make pre-build main-build 
a9-linaro-pre-build-step
' '
'Building file: ../src/helloworld.c'
'Invoking: ARM v7 gcc compiler'
arm-none-eabi-gcc -Wall -O0 -g3 -c -fmessage-length=0 -MT"src/helloworld.o" -mcpu=cortex-a9 -mfpu=vfpv3 -mfloat-abi=hard -I../../Zynq_App_bsp/ps7_cortexa9_0/include -MMD -MP -MF"src/helloworld.d" -MT"src/helloworld.o" -o "src/helloworld.o" "../src/helloworld.c"
'Finished building: ../src/helloworld.c'
' '
'Building target: Zynq_App.elf'
'Invoking: ARM v7 gcc linker'
arm-none-eabi-gcc -mcpu=cortex-a9 -mfpu=vfpv3 -mfloat-abi=hard -Wl,-build-id=none -specs=Xilinx.spec -Wl,-T -Wl,../src/lscript.ld -L../../Zynq_App_bsp/ps7_cortexa9_0/lib -o "Zynq_App.elf"  ./src/helloworld.o ./src/platform.o   -Wl,--start-group,-lxil,-lgcc,-lc,--end-group
'Finished building target: Zynq_App.elf'
' '
'Invoking: ARM v7 Print Size'
arm-none-eabi-size Zynq_App.elf  |tee "Zynq_App.elf.size"
   text	   data	    bss	    dec	    hex	filename
  25480	   1168	  22584	  49232	   c050	Zynq_App.elf
'Finished building: Zynq_App.elf.size'
' '
17:51:36 **** Incremental Build of configuration Debug for project Zynq_App ****
make pre-build main-build 
a9-linaro-pre-build-step
' '
make: Nothing to be done for 'main-build'.
17:51:36 **** Incremental Build of configuration Debug for project MB_app ****
make all 
make: Nothing to be done for 'all'.
17:53:58 **** Auto Build of configuration Debug for project Zynq_App ****
make pre-build main-build 
a9-linaro-pre-build-step
' '
'Building file: ../src/helloworld.c'
'Invoking: ARM v7 gcc compiler'
arm-none-eabi-gcc -Wall -O0 -g3 -c -fmessage-length=0 -MT"src/helloworld.o" -mcpu=cortex-a9 -mfpu=vfpv3 -mfloat-abi=hard -I../../Zynq_App_bsp/ps7_cortexa9_0/include -MMD -MP -MF"src/helloworld.d" -MT"src/helloworld.o" -o "src/helloworld.o" "../src/helloworld.c"
'Finished building: ../src/helloworld.c'
' '
'Building target: Zynq_App.elf'
'Invoking: ARM v7 gcc linker'
arm-none-eabi-gcc -mcpu=cortex-a9 -mfpu=vfpv3 -mfloat-abi=hard -Wl,-build-id=none -specs=Xilinx.spec -Wl,-T -Wl,../src/lscript.ld -L../../Zynq_App_bsp/ps7_cortexa9_0/lib -o "Zynq_App.elf"  ./src/helloworld.o ./src/platform.o   -Wl,--start-group,-lxil,-lgcc,-lc,--end-group
'Finished building target: Zynq_App.elf'
' '
'Invoking: ARM v7 Print Size'
arm-none-eabi-size Zynq_App.elf  |tee "Zynq_App.elf.size"
   text	   data	    bss	    dec	    hex	filename
  25480	   1168	  22584	  49232	   c050	Zynq_App.elf
'Finished building: Zynq_App.elf.size'
' '
17:54:10 **** Auto Build of configuration Debug for project MB_app ****
make all 
'Building file: ../src/MB_ex.c'
'Invoking: MicroBlaze gcc compiler'
mb-gcc -Wall -O0 -g3 -c -fmessage-length=0 -MT"src/MB_ex.o" -I../../MB_app_bsp/microblaze_0/include -mno-xl-reorder -mlittle-endian -mxl-barrel-shift -mxl-pattern-compare -mcpu=v11.0 -mno-xl-soft-mul -Wl,--no-relax -ffunction-sections -fdata-sections -MMD -MP -MF"src/MB_ex.d" -MT"src/MB_ex.o" -o "src/MB_ex.o" "../src/MB_ex.c"
../src/MB_ex.c: In function 'main':
../src/MB_ex.c:32:2: warning: implicit declaration of function 'sleep'; did you mean 'strsep'? [-Wimplicit-function-declaration]
  sleep(1);
  ^~~~~
  strsep
'Finished building: ../src/MB_ex.c'
' '
'Building target: MB_app.elf'
'Invoking: MicroBlaze gcc linker'
mb-gcc -Wl,-T -Wl,../src/lscript.ld -L../../MB_app_bsp/microblaze_0/lib -mlittle-endian -mxl-barrel-shift -mxl-pattern-compare -mcpu=v11.0 -mno-xl-soft-mul -Wl,--no-relax -Wl,--gc-sections -o "MB_app.elf"  ./src/MB_ex.o   -Wl,--start-group,-lxil,-lgcc,-lc,--end-group
'Finished building target: MB_app.elf'
' '
'Invoking: MicroBlaze Print Size'
mb-size MB_app.elf  |tee "MB_app.elf.size"
   text	   data	    bss	    dec	    hex	filename
   4590	    356	   3118	   8064	   1f80	MB_app.elf
'Finished building: MB_app.elf.size'
' '
17:54:25 **** Incremental Build of configuration Debug for project Zynq_App ****
make pre-build main-build 
a9-linaro-pre-build-step
' '
make: Nothing to be done for 'main-build'.
17:54:26 **** Incremental Build of configuration Debug for project MB_app ****
make all 
make: Nothing to be done for 'all'.
17:26:10 **** Auto Build of project MB_app_bsp ****
make -k all 
"Running Make include in microblaze_0/libsrc/bram_v4_2/src"
make -C microblaze_0/libsrc/bram_v4_2/src -s include  "SHELL=CMD" "COMPILER=mb-gcc" "ARCHIVER=mb-ar" "COMPILER_FLAGS=  -O2 -c -mcpu=v11.0 -mlittle-endian -mno-xl-reorder -mno-xl-soft-mul -mxl-barrel-shift -mxl-pattern-compare" "EXTRA_COMPILER_FLAGS=-ffunction-sections -fdata-sections -Wall -Wextra"
"Running Make include in microblaze_0/libsrc/cpu_v2_8/src"
make -C microblaze_0/libsrc/cpu_v2_8/src -s include  "SHELL=CMD" "COMPILER=mb-gcc" "ARCHIVER=mb-ar" "COMPILER_FLAGS=  -O2 -c -mcpu=v11.0 -mlittle-endian -mno-xl-reorder -mno-xl-soft-mul -mxl-barrel-shift -mxl-pattern-compare" "EXTRA_COMPILER_FLAGS=-ffunction-sections -fdata-sections -Wall -Wextra"
"Running Make include in microblaze_0/libsrc/gpio_v4_3/src"
make -C microblaze_0/libsrc/gpio_v4_3/src -s include  "SHELL=CMD" "COMPILER=mb-gcc" "ARCHIVER=mb-ar" "COMPILER_FLAGS=  -O2 -c -mcpu=v11.0 -mlittle-endian -mno-xl-reorder -mno-xl-soft-mul -mxl-barrel-shift -mxl-pattern-compare" "EXTRA_COMPILER_FLAGS=-ffunction-sections -fdata-sections -Wall -Wextra"
"Running Make include in microblaze_0/libsrc/intc_v3_8/src"
make -C microblaze_0/libsrc/intc_v3_8/src -s include  "SHELL=CMD" "COMPILER=mb-gcc" "ARCHIVER=mb-ar" "COMPILER_FLAGS=  -O2 -c -mcpu=v11.0 -mlittle-endian -mno-xl-reorder -mno-xl-soft-mul -mxl-barrel-shift -mxl-pattern-compare" "EXTRA_COMPILER_FLAGS=-ffunction-sections -fdata-sections -Wall -Wextra"
"Running Make include in microblaze_0/libsrc/mbox_v4_3/src"
make -C microblaze_0/libsrc/mbox_v4_3/src -s include  "SHELL=CMD" "COMPILER=mb-gcc" "ARCHIVER=mb-ar" "COMPILER_FLAGS=  -O2 -c -mcpu=v11.0 -mlittle-endian -mno-xl-reorder -mno-xl-soft-mul -mxl-barrel-shift -mxl-pattern-compare" "EXTRA_COMPILER_FLAGS=-ffunction-sections -fdata-sections -Wall -Wextra"
"Running Make include in microblaze_0/libsrc/mutex_v4_3/src"
make -C microblaze_0/libsrc/mutex_v4_3/src -s include  "SHELL=CMD" "COMPILER=mb-gcc" "ARCHIVER=mb-ar" "COMPILER_FLAGS=  -O2 -c -mcpu=v11.0 -mlittle-endian -mno-xl-reorder -mno-xl-soft-mul -mxl-barrel-shift -mxl-pattern-compare" "EXTRA_COMPILER_FLAGS=-ffunction-sections -fdata-sections -Wall -Wextra"
"Running Make include in microblaze_0/libsrc/standalone_v6_8/src"
make -C microblaze_0/libsrc/standalone_v6_8/src -s include  "SHELL=CMD" "COMPILER=mb-gcc" "ARCHIVER=mb-ar" "COMPILER_FLAGS=  -O2 -c -mcpu=v11.0 -mlittle-endian -mno-xl-reorder -mno-xl-soft-mul -mxl-barrel-shift -mxl-pattern-compare" "EXTRA_COMPILER_FLAGS=-ffunction-sections -fdata-sections -Wall -Wextra"
"Running Make libs in microblaze_0/libsrc/bram_v4_2/src"
make -C microblaze_0/libsrc/bram_v4_2/src -s libs  "SHELL=CMD" "COMPILER=mb-gcc" "ARCHIVER=mb-ar" "COMPILER_FLAGS=  -O2 -c -mcpu=v11.0 -mlittle-endian -mno-xl-reorder -mno-xl-soft-mul -mxl-barrel-shift -mxl-pattern-compare" "EXTRA_COMPILER_FLAGS=-ffunction-sections -fdata-sections -Wall -Wextra"
"Compiling bram"
"Running Make libs in microblaze_0/libsrc/cpu_v2_8/src"
make -C microblaze_0/libsrc/cpu_v2_8/src -s libs  "SHELL=CMD" "COMPILER=mb-gcc" "ARCHIVER=mb-ar" "COMPILER_FLAGS=  -O2 -c -mcpu=v11.0 -mlittle-endian -mno-xl-reorder -mno-xl-soft-mul -mxl-barrel-shift -mxl-pattern-compare" "EXTRA_COMPILER_FLAGS=-ffunction-sections -fdata-sections -Wall -Wextra"
"Compiling cpu"
"Running Make libs in microblaze_0/libsrc/gpio_v4_3/src"
make -C microblaze_0/libsrc/gpio_v4_3/src -s libs  "SHELL=CMD" "COMPILER=mb-gcc" "ARCHIVER=mb-ar" "COMPILER_FLAGS=  -O2 -c -mcpu=v11.0 -mlittle-endian -mno-xl-reorder -mno-xl-soft-mul -mxl-barrel-shift -mxl-pattern-compare" "EXTRA_COMPILER_FLAGS=-ffunction-sections -fdata-sections -Wall -Wextra"
"Compiling gpio"
"Running Make libs in microblaze_0/libsrc/intc_v3_8/src"
make -C microblaze_0/libsrc/intc_v3_8/src -s libs  "SHELL=CMD" "COMPILER=mb-gcc" "ARCHIVER=mb-ar" "COMPILER_FLAGS=  -O2 -c -mcpu=v11.0 -mlittle-endian -mno-xl-reorder -mno-xl-soft-mul -mxl-barrel-shift -mxl-pattern-compare" "EXTRA_COMPILER_FLAGS=-ffunction-sections -fdata-sections -Wall -Wextra"
"Compiling intc"
"Running Make libs in microblaze_0/libsrc/mbox_v4_3/src"
make -C microblaze_0/libsrc/mbox_v4_3/src -s libs  "SHELL=CMD" "COMPILER=mb-gcc" "ARCHIVER=mb-ar" "COMPILER_FLAGS=  -O2 -c -mcpu=v11.0 -mlittle-endian -mno-xl-reorder -mno-xl-soft-mul -mxl-barrel-shift -mxl-pattern-compare" "EXTRA_COMPILER_FLAGS=-ffunction-sections -fdata-sections -Wall -Wextra"
"Compiling mbox"
"Running Make libs in microblaze_0/libsrc/mutex_v4_3/src"
make -C microblaze_0/libsrc/mutex_v4_3/src -s libs  "SHELL=CMD" "COMPILER=mb-gcc" "ARCHIVER=mb-ar" "COMPILER_FLAGS=  -O2 -c -mcpu=v11.0 -mlittle-endian -mno-xl-reorder -mno-xl-soft-mul -mxl-barrel-shift -mxl-pattern-compare" "EXTRA_COMPILER_FLAGS=-ffunction-sections -fdata-sections -Wall -Wextra"
"Compiling mutex"
"Running Make libs in microblaze_0/libsrc/standalone_v6_8/src"
make -C microblaze_0/libsrc/standalone_v6_8/src -s libs  "SHELL=CMD" "COMPILER=mb-gcc" "ARCHIVER=mb-ar" "COMPILER_FLAGS=  -O2 -c -mcpu=v11.0 -mlittle-endian -mno-xl-reorder -mno-xl-soft-mul -mxl-barrel-shift -mxl-pattern-compare" "EXTRA_COMPILER_FLAGS=-ffunction-sections -fdata-sections -Wall -Wextra"
"Compiling standalone";
inbyte.c: In function 'inbyte':
inbyte.c:11:1: warning: control reaches end of non-void function [-Wreturn-type]
 }
 ^
outbyte.c: In function 'outbyte':
outbyte.c:11:19: warning: unused parameter 'c' [-Wunused-parameter]
 void outbyte(char c) {
                   ^
microblaze_sleep.c:77:9: note: #pragma message: For the sleep routines, assembly instructions are used
 #pragma message ("For the sleep routines, assembly instructions are used")
         ^~~~~~~
'Finished building libraries'
17:26:21 **** Auto Build of configuration Debug for project MB_app ****
make all 
'Building file: ../src/MB_ex.c'
'Invoking: MicroBlaze gcc compiler'
mb-gcc -Wall -O0 -g3 -c -fmessage-length=0 -MT"src/MB_ex.o" -I../../MB_app_bsp/microblaze_0/include -mno-xl-reorder -mlittle-endian -mxl-barrel-shift -mxl-pattern-compare -mcpu=v11.0 -mno-xl-soft-mul -Wl,--no-relax -ffunction-sections -fdata-sections -MMD -MP -MF"src/MB_ex.d" -MT"src/MB_ex.o" -o "src/MB_ex.o" "../src/MB_ex.c"
../src/MB_ex.c: In function 'main':
../src/MB_ex.c:32:2: warning: implicit declaration of function 'sleep'; did you mean 'strsep'? [-Wimplicit-function-declaration]
  sleep(1);
  ^~~~~
  strsep
'Finished building: ../src/MB_ex.c'
' '
'Building target: MB_app.elf'
'Invoking: MicroBlaze gcc linker'
mb-gcc -Wl,-T -Wl,../src/lscript.ld -L../../MB_app_bsp/microblaze_0/lib -mlittle-endian -mxl-barrel-shift -mxl-pattern-compare -mcpu=v11.0 -mno-xl-soft-mul -Wl,--no-relax -Wl,--gc-sections -o "MB_app.elf"  ./src/MB_ex.o   -Wl,--start-group,-lxil,-lgcc,-lc,--end-group
'Finished building target: MB_app.elf'
' '
'Invoking: MicroBlaze Print Size'
mb-size MB_app.elf  |tee "MB_app.elf.size"
   text	   data	    bss	    dec	    hex	filename
   4590	    356	   3118	   8064	   1f80	MB_app.elf
'Finished building: MB_app.elf.size'
' '
17:26:22 **** Auto Build of project Zynq_App_bsp ****
make -k all 
"Running Make include in ps7_cortexa9_0/libsrc/coresightps_dcc_v1_4/src"
make -C ps7_cortexa9_0/libsrc/coresightps_dcc_v1_4/src -s include  "SHELL=CMD" "COMPILER=arm-none-eabi-gcc" "ARCHIVER=arm-none-eabi-ar" "COMPILER_FLAGS=  -O2 -c" "EXTRA_COMPILER_FLAGS=-mcpu=cortex-a9 -mfpu=vfpv3 -mfloat-abi=hard -nostartfiles -g -Wall -Wextra"
"Running Make include in ps7_cortexa9_0/libsrc/cpu_cortexa9_v2_7/src"
make -C ps7_cortexa9_0/libsrc/cpu_cortexa9_v2_7/src -s include  "SHELL=CMD" "COMPILER=arm-none-eabi-gcc" "ARCHIVER=arm-none-eabi-ar" "COMPILER_FLAGS=  -O2 -c" "EXTRA_COMPILER_FLAGS=-mcpu=cortex-a9 -mfpu=vfpv3 -mfloat-abi=hard -nostartfiles -g -Wall -Wextra"
"Running Make include in ps7_cortexa9_0/libsrc/ddrps_v1_0/src"
make -C ps7_cortexa9_0/libsrc/ddrps_v1_0/src -s include  "SHELL=CMD" "COMPILER=arm-none-eabi-gcc" "ARCHIVER=arm-none-eabi-ar" "COMPILER_FLAGS=  -O2 -c" "EXTRA_COMPILER_FLAGS=-mcpu=cortex-a9 -mfpu=vfpv3 -mfloat-abi=hard -nostartfiles -g -Wall -Wextra"
"Running Make include in ps7_cortexa9_0/libsrc/devcfg_v3_5/src"
make -C ps7_cortexa9_0/libsrc/devcfg_v3_5/src -s include  "SHELL=CMD" "COMPILER=arm-none-eabi-gcc" "ARCHIVER=arm-none-eabi-ar" "COMPILER_FLAGS=  -O2 -c" "EXTRA_COMPILER_FLAGS=-mcpu=cortex-a9 -mfpu=vfpv3 -mfloat-abi=hard -nostartfiles -g -Wall -Wextra"
"Running Make include in ps7_cortexa9_0/libsrc/dmaps_v2_4/src"
make -C ps7_cortexa9_0/libsrc/dmaps_v2_4/src -s include  "SHELL=CMD" "COMPILER=arm-none-eabi-gcc" "ARCHIVER=arm-none-eabi-ar" "COMPILER_FLAGS=  -O2 -c" "EXTRA_COMPILER_FLAGS=-mcpu=cortex-a9 -mfpu=vfpv3 -mfloat-abi=hard -nostartfiles -g -Wall -Wextra"
"Running Make include in ps7_cortexa9_0/libsrc/emacps_v3_8/src"
make -C ps7_cortexa9_0/libsrc/emacps_v3_8/src -s include  "SHELL=CMD" "COMPILER=arm-none-eabi-gcc" "ARCHIVER=arm-none-eabi-ar" "COMPILER_FLAGS=  -O2 -c" "EXTRA_COMPILER_FLAGS=-mcpu=cortex-a9 -mfpu=vfpv3 -mfloat-abi=hard -nostartfiles -g -Wall -Wextra"
"Running Make include in ps7_cortexa9_0/libsrc/gpiops_v3_4/src"
make -C ps7_cortexa9_0/libsrc/gpiops_v3_4/src -s include  "SHELL=CMD" "COMPILER=arm-none-eabi-gcc" "ARCHIVER=arm-none-eabi-ar" "COMPILER_FLAGS=  -O2 -c" "EXTRA_COMPILER_FLAGS=-mcpu=cortex-a9 -mfpu=vfpv3 -mfloat-abi=hard -nostartfiles -g -Wall -Wextra"
"Running Make include in ps7_cortexa9_0/libsrc/gpio_v4_3/src"
make -C ps7_cortexa9_0/libsrc/gpio_v4_3/src -s include  "SHELL=CMD" "COMPILER=arm-none-eabi-gcc" "ARCHIVER=arm-none-eabi-ar" "COMPILER_FLAGS=  -O2 -c" "EXTRA_COMPILER_FLAGS=-mcpu=cortex-a9 -mfpu=vfpv3 -mfloat-abi=hard -nostartfiles -g -Wall -Wextra"
"Running Make include in ps7_cortexa9_0/libsrc/mbox_v4_3/src"
make -C ps7_cortexa9_0/libsrc/mbox_v4_3/src -s include  "SHELL=CMD" "COMPILER=arm-none-eabi-gcc" "ARCHIVER=arm-none-eabi-ar" "COMPILER_FLAGS=  -O2 -c" "EXTRA_COMPILER_FLAGS=-mcpu=cortex-a9 -mfpu=vfpv3 -mfloat-abi=hard -nostartfiles -g -Wall -Wextra"
"Running Make include in ps7_cortexa9_0/libsrc/mutex_v4_3/src"
make -C ps7_cortexa9_0/libsrc/mutex_v4_3/src -s include  "SHELL=CMD" "COMPILER=arm-none-eabi-gcc" "ARCHIVER=arm-none-eabi-ar" "COMPILER_FLAGS=  -O2 -c" "EXTRA_COMPILER_FLAGS=-mcpu=cortex-a9 -mfpu=vfpv3 -mfloat-abi=hard -nostartfiles -g -Wall -Wextra"
"Running Make include in ps7_cortexa9_0/libsrc/qspips_v3_5/src"
make -C ps7_cortexa9_0/libsrc/qspips_v3_5/src -s include  "SHELL=CMD" "COMPILER=arm-none-eabi-gcc" "ARCHIVER=arm-none-eabi-ar" "COMPILER_FLAGS=  -O2 -c" "EXTRA_COMPILER_FLAGS=-mcpu=cortex-a9 -mfpu=vfpv3 -mfloat-abi=hard -nostartfiles -g -Wall -Wextra"
"Running Make include in ps7_cortexa9_0/libsrc/scugic_v3_10/src"
make -C ps7_cortexa9_0/libsrc/scugic_v3_10/src -s include  "SHELL=CMD" "COMPILER=arm-none-eabi-gcc" "ARCHIVER=arm-none-eabi-ar" "COMPILER_FLAGS=  -O2 -c" "EXTRA_COMPILER_FLAGS=-mcpu=cortex-a9 -mfpu=vfpv3 -mfloat-abi=hard -nostartfiles -g -Wall -Wextra"
"Running Make include in ps7_cortexa9_0/libsrc/scutimer_v2_1/src"
make -C ps7_cortexa9_0/libsrc/scutimer_v2_1/src -s include  "SHELL=CMD" "COMPILER=arm-none-eabi-gcc" "ARCHIVER=arm-none-eabi-ar" "COMPILER_FLAGS=  -O2 -c" "EXTRA_COMPILER_FLAGS=-mcpu=cortex-a9 -mfpu=vfpv3 -mfloat-abi=hard -nostartfiles -g -Wall -Wextra"
"Running Make include in ps7_cortexa9_0/libsrc/scuwdt_v2_1/src"
make -C ps7_cortexa9_0/libsrc/scuwdt_v2_1/src -s include  "SHELL=CMD" "COMPILER=arm-none-eabi-gcc" "ARCHIVER=arm-none-eabi-ar" "COMPILER_FLAGS=  -O2 -c" "EXTRA_COMPILER_FLAGS=-mcpu=cortex-a9 -mfpu=vfpv3 -mfloat-abi=hard -nostartfiles -g -Wall -Wextra"
"Running Make include in ps7_cortexa9_0/libsrc/sdps_v3_6/src"
make -C ps7_cortexa9_0/libsrc/sdps_v3_6/src -s include  "SHELL=CMD" "COMPILER=arm-none-eabi-gcc" "ARCHIVER=arm-none-eabi-ar" "COMPILER_FLAGS=  -O2 -c" "EXTRA_COMPILER_FLAGS=-mcpu=cortex-a9 -mfpu=vfpv3 -mfloat-abi=hard -nostartfiles -g -Wall -Wextra"
"Running Make include in ps7_cortexa9_0/libsrc/standalone_v6_8/src"
make -C ps7_cortexa9_0/libsrc/standalone_v6_8/src -s include  "SHELL=CMD" "COMPILER=arm-none-eabi-gcc" "ARCHIVER=arm-none-eabi-ar" "COMPILER_FLAGS=  -O2 -c" "EXTRA_COMPILER_FLAGS=-mcpu=cortex-a9 -mfpu=vfpv3 -mfloat-abi=hard -nostartfiles -g -Wall -Wextra"
"Running Make include in ps7_cortexa9_0/libsrc/ttcps_v3_7/src"
make -C ps7_cortexa9_0/libsrc/ttcps_v3_7/src -s include  "SHELL=CMD" "COMPILER=arm-none-eabi-gcc" "ARCHIVER=arm-none-eabi-ar" "COMPILER_FLAGS=  -O2 -c" "EXTRA_COMPILER_FLAGS=-mcpu=cortex-a9 -mfpu=vfpv3 -mfloat-abi=hard -nostartfiles -g -Wall -Wextra"
"Running Make include in ps7_cortexa9_0/libsrc/uartps_v3_7/src"
make -C ps7_cortexa9_0/libsrc/uartps_v3_7/src -s include  "SHELL=CMD" "COMPILER=arm-none-eabi-gcc" "ARCHIVER=arm-none-eabi-ar" "COMPILER_FLAGS=  -O2 -c" "EXTRA_COMPILER_FLAGS=-mcpu=cortex-a9 -mfpu=vfpv3 -mfloat-abi=hard -nostartfiles -g -Wall -Wextra"
"Running Make include in ps7_cortexa9_0/libsrc/usbps_v2_4/src"
make -C ps7_cortexa9_0/libsrc/usbps_v2_4/src -s include  "SHELL=CMD" "COMPILER=arm-none-eabi-gcc" "ARCHIVER=arm-none-eabi-ar" "COMPILER_FLAGS=  -O2 -c" "EXTRA_COMPILER_FLAGS=-mcpu=cortex-a9 -mfpu=vfpv3 -mfloat-abi=hard -nostartfiles -g -Wall -Wextra"
"Running Make include in ps7_cortexa9_0/libsrc/xadcps_v2_3/src"
make -C ps7_cortexa9_0/libsrc/xadcps_v2_3/src -s include  "SHELL=CMD" "COMPILER=arm-none-eabi-gcc" "ARCHIVER=arm-none-eabi-ar" "COMPILER_FLAGS=  -O2 -c" "EXTRA_COMPILER_FLAGS=-mcpu=cortex-a9 -mfpu=vfpv3 -mfloat-abi=hard -nostartfiles -g -Wall -Wextra"
"Running Make libs in ps7_cortexa9_0/libsrc/coresightps_dcc_v1_4/src"
make -C ps7_cortexa9_0/libsrc/coresightps_dcc_v1_4/src -s libs  "SHELL=CMD" "COMPILER=arm-none-eabi-gcc" "ARCHIVER=arm-none-eabi-ar" "COMPILER_FLAGS=  -O2 -c" "EXTRA_COMPILER_FLAGS=-mcpu=cortex-a9 -mfpu=vfpv3 -mfloat-abi=hard -nostartfiles -g -Wall -Wextra"
"Compiling coresightps_dcc"
"Running Make libs in ps7_cortexa9_0/libsrc/cpu_cortexa9_v2_7/src"
make -C ps7_cortexa9_0/libsrc/cpu_cortexa9_v2_7/src -s libs  "SHELL=CMD" "COMPILER=arm-none-eabi-gcc" "ARCHIVER=arm-none-eabi-ar" "COMPILER_FLAGS=  -O2 -c" "EXTRA_COMPILER_FLAGS=-mcpu=cortex-a9 -mfpu=vfpv3 -mfloat-abi=hard -nostartfiles -g -Wall -Wextra"
"Compiling cpu_cortexa9"
"Running Make libs in ps7_cortexa9_0/libsrc/ddrps_v1_0/src"
make -C ps7_cortexa9_0/libsrc/ddrps_v1_0/src -s libs  "SHELL=CMD" "COMPILER=arm-none-eabi-gcc" "ARCHIVER=arm-none-eabi-ar" "COMPILER_FLAGS=  -O2 -c" "EXTRA_COMPILER_FLAGS=-mcpu=cortex-a9 -mfpu=vfpv3 -mfloat-abi=hard -nostartfiles -g -Wall -Wextra"
"Compiling ddrps"
"Running Make libs in ps7_cortexa9_0/libsrc/devcfg_v3_5/src"
make -C ps7_cortexa9_0/libsrc/devcfg_v3_5/src -s libs  "SHELL=CMD" "COMPILER=arm-none-eabi-gcc" "ARCHIVER=arm-none-eabi-ar" "COMPILER_FLAGS=  -O2 -c" "EXTRA_COMPILER_FLAGS=-mcpu=cortex-a9 -mfpu=vfpv3 -mfloat-abi=hard -nostartfiles -g -Wall -Wextra"
"Compiling devcfg"
"Running Make libs in ps7_cortexa9_0/libsrc/dmaps_v2_4/src"
make -C ps7_cortexa9_0/libsrc/dmaps_v2_4/src -s libs  "SHELL=CMD" "COMPILER=arm-none-eabi-gcc" "ARCHIVER=arm-none-eabi-ar" "COMPILER_FLAGS=  -O2 -c" "EXTRA_COMPILER_FLAGS=-mcpu=cortex-a9 -mfpu=vfpv3 -mfloat-abi=hard -nostartfiles -g -Wall -Wextra"
"Compiling dmaps"
"Running Make libs in ps7_cortexa9_0/libsrc/emacps_v3_8/src"
make -C ps7_cortexa9_0/libsrc/emacps_v3_8/src -s libs  "SHELL=CMD" "COMPILER=arm-none-eabi-gcc" "ARCHIVER=arm-none-eabi-ar" "COMPILER_FLAGS=  -O2 -c" "EXTRA_COMPILER_FLAGS=-mcpu=cortex-a9 -mfpu=vfpv3 -mfloat-abi=hard -nostartfiles -g -Wall -Wextra"
"Compiling emacps"
"Running Make libs in ps7_cortexa9_0/libsrc/gpiops_v3_4/src"
make -C ps7_cortexa9_0/libsrc/gpiops_v3_4/src -s libs  "SHELL=CMD" "COMPILER=arm-none-eabi-gcc" "ARCHIVER=arm-none-eabi-ar" "COMPILER_FLAGS=  -O2 -c" "EXTRA_COMPILER_FLAGS=-mcpu=cortex-a9 -mfpu=vfpv3 -mfloat-abi=hard -nostartfiles -g -Wall -Wextra"
"Compiling gpiops"
"Running Make libs in ps7_cortexa9_0/libsrc/gpio_v4_3/src"
make -C ps7_cortexa9_0/libsrc/gpio_v4_3/src -s libs  "SHELL=CMD" "COMPILER=arm-none-eabi-gcc" "ARCHIVER=arm-none-eabi-ar" "COMPILER_FLAGS=  -O2 -c" "EXTRA_COMPILER_FLAGS=-mcpu=cortex-a9 -mfpu=vfpv3 -mfloat-abi=hard -nostartfiles -g -Wall -Wextra"
"Compiling gpio"
"Running Make libs in ps7_cortexa9_0/libsrc/mbox_v4_3/src"
make -C ps7_cortexa9_0/libsrc/mbox_v4_3/src -s libs  "SHELL=CMD" "COMPILER=arm-none-eabi-gcc" "ARCHIVER=arm-none-eabi-ar" "COMPILER_FLAGS=  -O2 -c" "EXTRA_COMPILER_FLAGS=-mcpu=cortex-a9 -mfpu=vfpv3 -mfloat-abi=hard -nostartfiles -g -Wall -Wextra"
"Compiling mbox"
"Running Make libs in ps7_cortexa9_0/libsrc/mutex_v4_3/src"
make -C ps7_cortexa9_0/libsrc/mutex_v4_3/src -s libs  "SHELL=CMD" "COMPILER=arm-none-eabi-gcc" "ARCHIVER=arm-none-eabi-ar" "COMPILER_FLAGS=  -O2 -c" "EXTRA_COMPILER_FLAGS=-mcpu=cortex-a9 -mfpu=vfpv3 -mfloat-abi=hard -nostartfiles -g -Wall -Wextra"
"Compiling mutex"
"Running Make libs in ps7_cortexa9_0/libsrc/qspips_v3_5/src"
make -C ps7_cortexa9_0/libsrc/qspips_v3_5/src -s libs  "SHELL=CMD" "COMPILER=arm-none-eabi-gcc" "ARCHIVER=arm-none-eabi-ar" "COMPILER_FLAGS=  -O2 -c" "EXTRA_COMPILER_FLAGS=-mcpu=cortex-a9 -mfpu=vfpv3 -mfloat-abi=hard -nostartfiles -g -Wall -Wextra"
"Compiling qspips"
"Running Make libs in ps7_cortexa9_0/libsrc/scugic_v3_10/src"
make -C ps7_cortexa9_0/libsrc/scugic_v3_10/src -s libs  "SHELL=CMD" "COMPILER=arm-none-eabi-gcc" "ARCHIVER=arm-none-eabi-ar" "COMPILER_FLAGS=  -O2 -c" "EXTRA_COMPILER_FLAGS=-mcpu=cortex-a9 -mfpu=vfpv3 -mfloat-abi=hard -nostartfiles -g -Wall -Wextra"
"Compiling scugic"
"Running Make libs in ps7_cortexa9_0/libsrc/scutimer_v2_1/src"
make -C ps7_cortexa9_0/libsrc/scutimer_v2_1/src -s libs  "SHELL=CMD" "COMPILER=arm-none-eabi-gcc" "ARCHIVER=arm-none-eabi-ar" "COMPILER_FLAGS=  -O2 -c" "EXTRA_COMPILER_FLAGS=-mcpu=cortex-a9 -mfpu=vfpv3 -mfloat-abi=hard -nostartfiles -g -Wall -Wextra"
"Compiling scutimer"
"Running Make libs in ps7_cortexa9_0/libsrc/scuwdt_v2_1/src"
make -C ps7_cortexa9_0/libsrc/scuwdt_v2_1/src -s libs  "SHELL=CMD" "COMPILER=arm-none-eabi-gcc" "ARCHIVER=arm-none-eabi-ar" "COMPILER_FLAGS=  -O2 -c" "EXTRA_COMPILER_FLAGS=-mcpu=cortex-a9 -mfpu=vfpv3 -mfloat-abi=hard -nostartfiles -g -Wall -Wextra"
"Compiling scuwdt"
"Running Make libs in ps7_cortexa9_0/libsrc/sdps_v3_6/src"
make -C ps7_cortexa9_0/libsrc/sdps_v3_6/src -s libs  "SHELL=CMD" "COMPILER=arm-none-eabi-gcc" "ARCHIVER=arm-none-eabi-ar" "COMPILER_FLAGS=  -O2 -c" "EXTRA_COMPILER_FLAGS=-mcpu=cortex-a9 -mfpu=vfpv3 -mfloat-abi=hard -nostartfiles -g -Wall -Wextra"
"Compiling sdps"
"Running Make libs in ps7_cortexa9_0/libsrc/standalone_v6_8/src"
make -C ps7_cortexa9_0/libsrc/standalone_v6_8/src -s libs  "SHELL=CMD" "COMPILER=arm-none-eabi-gcc" "ARCHIVER=arm-none-eabi-ar" "COMPILER_FLAGS=  -O2 -c" "EXTRA_COMPILER_FLAGS=-mcpu=cortex-a9 -mfpu=vfpv3 -mfloat-abi=hard -nostartfiles -g -Wall -Wextra"
"Compiling standalone"
In file included from usleep.c:56:0:
xtime_l.h:87:9: note: #pragma message: For the sleep routines, Global timer is being used
 #pragma message ("For the sleep routines, Global timer is being used")
         ^~~~~~~
In file included from sleep.c:53:0:
xtime_l.h:87:9: note: #pragma message: For the sleep routines, Global timer is being used
 #pragma message ("For the sleep routines, Global timer is being used")
         ^~~~~~~
In file included from xil_sleeptimer.c:51:0:
xtime_l.h:87:9: note: #pragma message: For the sleep routines, Global timer is being used
 #pragma message ("For the sleep routines, Global timer is being used")
         ^~~~~~~
In file included from xtime_l.c:49:0:
xtime_l.h:87:9: note: #pragma message: For the sleep routines, Global timer is being used
 #pragma message ("For the sleep routines, Global timer is being used")
         ^~~~~~~
"Running Make libs in ps7_cortexa9_0/libsrc/ttcps_v3_7/src"
make -C ps7_cortexa9_0/libsrc/ttcps_v3_7/src -s libs  "SHELL=CMD" "COMPILER=arm-none-eabi-gcc" "ARCHIVER=arm-none-eabi-ar" "COMPILER_FLAGS=  -O2 -c" "EXTRA_COMPILER_FLAGS=-mcpu=cortex-a9 -mfpu=vfpv3 -mfloat-abi=hard -nostartfiles -g -Wall -Wextra"
"Compiling ttcps"
"Running Make libs in ps7_cortexa9_0/libsrc/uartps_v3_7/src"
make -C ps7_cortexa9_0/libsrc/uartps_v3_7/src -s libs  "SHELL=CMD" "COMPILER=arm-none-eabi-gcc" "ARCHIVER=arm-none-eabi-ar" "COMPILER_FLAGS=  -O2 -c" "EXTRA_COMPILER_FLAGS=-mcpu=cortex-a9 -mfpu=vfpv3 -mfloat-abi=hard -nostartfiles -g -Wall -Wextra"
"Compiling uartps"
"Running Make libs in ps7_cortexa9_0/libsrc/usbps_v2_4/src"
make -C ps7_cortexa9_0/libsrc/usbps_v2_4/src -s libs  "SHELL=CMD" "COMPILER=arm-none-eabi-gcc" "ARCHIVER=arm-none-eabi-ar" "COMPILER_FLAGS=  -O2 -c" "EXTRA_COMPILER_FLAGS=-mcpu=cortex-a9 -mfpu=vfpv3 -mfloat-abi=hard -nostartfiles -g -Wall -Wextra"
"Compiling usbps"
"Running Make libs in ps7_cortexa9_0/libsrc/xadcps_v2_3/src"
make -C ps7_cortexa9_0/libsrc/xadcps_v2_3/src -s libs  "SHELL=CMD" "COMPILER=arm-none-eabi-gcc" "ARCHIVER=arm-none-eabi-ar" "COMPILER_FLAGS=  -O2 -c" "EXTRA_COMPILER_FLAGS=-mcpu=cortex-a9 -mfpu=vfpv3 -mfloat-abi=hard -nostartfiles -g -Wall -Wextra"
"Compiling xadcps"
'Finished building libraries'
19:37:57 **** Auto Build of configuration Debug for project Zynq_App ****
make pre-build main-build 
a9-linaro-pre-build-step
' '
'Building file: ../src/helloworld.c'
'Invoking: ARM v7 gcc compiler'
arm-none-eabi-gcc -Wall -O0 -g3 -c -fmessage-length=0 -MT"src/helloworld.o" -mcpu=cortex-a9 -mfpu=vfpv3 -mfloat-abi=hard -I../../Zynq_App_bsp/ps7_cortexa9_0/include -MMD -MP -MF"src/helloworld.d" -MT"src/helloworld.o" -o "src/helloworld.o" "../src/helloworld.c"
'Finished building: ../src/helloworld.c'
' '
'Building file: ../src/platform.c'
'Invoking: ARM v7 gcc compiler'
arm-none-eabi-gcc -Wall -O0 -g3 -c -fmessage-length=0 -MT"src/platform.o" -mcpu=cortex-a9 -mfpu=vfpv3 -mfloat-abi=hard -I../../Zynq_App_bsp/ps7_cortexa9_0/include -MMD -MP -MF"src/platform.d" -MT"src/platform.o" -o "src/platform.o" "../src/platform.c"
'Finished building: ../src/platform.c'
' '
'Building target: Zynq_App.elf'
'Invoking: ARM v7 gcc linker'
arm-none-eabi-gcc -mcpu=cortex-a9 -mfpu=vfpv3 -mfloat-abi=hard -Wl,-build-id=none -specs=Xilinx.spec -Wl,-T -Wl,../src/lscript.ld -L../../Zynq_App_bsp/ps7_cortexa9_0/lib -o "Zynq_App.elf"  ./src/helloworld.o ./src/platform.o   -Wl,--start-group,-lxil,-lgcc,-lc,--end-group
'Finished building target: Zynq_App.elf'
' '
'Invoking: ARM v7 Print Size'
arm-none-eabi-size Zynq_App.elf  |tee "Zynq_App.elf.size"
   text	   data	    bss	    dec	    hex	filename
  25480	   1168	  22584	  49232	   c050	Zynq_App.elf
'Finished building: Zynq_App.elf.size'
' '
21:11:25 **** Build of project MB1_mutex_bsp ****
make -k all 
"Running Make include in microblaze_0/libsrc/bram_v4_2/src"
make -C microblaze_0/libsrc/bram_v4_2/src -s include  "SHELL=CMD" "COMPILER=mb-gcc" "ARCHIVER=mb-ar" "COMPILER_FLAGS=  -O2 -c -mcpu=v11.0 -mlittle-endian -mno-xl-reorder -mno-xl-soft-mul -mxl-barrel-shift -mxl-pattern-compare" "EXTRA_COMPILER_FLAGS=-ffunction-sections -fdata-sections -Wall -Wextra"
"Running Make include in microblaze_0/libsrc/cpu_v2_8/src"
make -C microblaze_0/libsrc/cpu_v2_8/src -s include  "SHELL=CMD" "COMPILER=mb-gcc" "ARCHIVER=mb-ar" "COMPILER_FLAGS=  -O2 -c -mcpu=v11.0 -mlittle-endian -mno-xl-reorder -mno-xl-soft-mul -mxl-barrel-shift -mxl-pattern-compare" "EXTRA_COMPILER_FLAGS=-ffunction-sections -fdata-sections -Wall -Wextra"
"Running Make include in microblaze_0/libsrc/gpio_v4_3/src"
make -C microblaze_0/libsrc/gpio_v4_3/src -s include  "SHELL=CMD" "COMPILER=mb-gcc" "ARCHIVER=mb-ar" "COMPILER_FLAGS=  -O2 -c -mcpu=v11.0 -mlittle-endian -mno-xl-reorder -mno-xl-soft-mul -mxl-barrel-shift -mxl-pattern-compare" "EXTRA_COMPILER_FLAGS=-ffunction-sections -fdata-sections -Wall -Wextra"
"Running Make include in microblaze_0/libsrc/intc_v3_8/src"
make -C microblaze_0/libsrc/intc_v3_8/src -s include  "SHELL=CMD" "COMPILER=mb-gcc" "ARCHIVER=mb-ar" "COMPILER_FLAGS=  -O2 -c -mcpu=v11.0 -mlittle-endian -mno-xl-reorder -mno-xl-soft-mul -mxl-barrel-shift -mxl-pattern-compare" "EXTRA_COMPILER_FLAGS=-ffunction-sections -fdata-sections -Wall -Wextra"
"Running Make include in microblaze_0/libsrc/mbox_v4_3/src"
make -C microblaze_0/libsrc/mbox_v4_3/src -s include  "SHELL=CMD" "COMPILER=mb-gcc" "ARCHIVER=mb-ar" "COMPILER_FLAGS=  -O2 -c -mcpu=v11.0 -mlittle-endian -mno-xl-reorder -mno-xl-soft-mul -mxl-barrel-shift -mxl-pattern-compare" "EXTRA_COMPILER_FLAGS=-ffunction-sections -fdata-sections -Wall -Wextra"
"Running Make include in microblaze_0/libsrc/mutex_v4_3/src"
make -C microblaze_0/libsrc/mutex_v4_3/src -s include  "SHELL=CMD" "COMPILER=mb-gcc" "ARCHIVER=mb-ar" "COMPILER_FLAGS=  -O2 -c -mcpu=v11.0 -mlittle-endian -mno-xl-reorder -mno-xl-soft-mul -mxl-barrel-shift -mxl-pattern-compare" "EXTRA_COMPILER_FLAGS=-ffunction-sections -fdata-sections -Wall -Wextra"
"Running Make include in microblaze_0/libsrc/standalone_v6_8/src"
make -C microblaze_0/libsrc/standalone_v6_8/src -s include  "SHELL=CMD" "COMPILER=mb-gcc" "ARCHIVER=mb-ar" "COMPILER_FLAGS=  -O2 -c -mcpu=v11.0 -mlittle-endian -mno-xl-reorder -mno-xl-soft-mul -mxl-barrel-shift -mxl-pattern-compare" "EXTRA_COMPILER_FLAGS=-ffunction-sections -fdata-sections -Wall -Wextra"
"Running Make libs in microblaze_0/libsrc/bram_v4_2/src"
make -C microblaze_0/libsrc/bram_v4_2/src -s libs  "SHELL=CMD" "COMPILER=mb-gcc" "ARCHIVER=mb-ar" "COMPILER_FLAGS=  -O2 -c -mcpu=v11.0 -mlittle-endian -mno-xl-reorder -mno-xl-soft-mul -mxl-barrel-shift -mxl-pattern-compare" "EXTRA_COMPILER_FLAGS=-ffunction-sections -fdata-sections -Wall -Wextra"
"Compiling bram"
mb-ar: creating ../../../lib/libxil.a
"Running Make libs in microblaze_0/libsrc/cpu_v2_8/src"
make -C microblaze_0/libsrc/cpu_v2_8/src -s libs  "SHELL=CMD" "COMPILER=mb-gcc" "ARCHIVER=mb-ar" "COMPILER_FLAGS=  -O2 -c -mcpu=v11.0 -mlittle-endian -mno-xl-reorder -mno-xl-soft-mul -mxl-barrel-shift -mxl-pattern-compare" "EXTRA_COMPILER_FLAGS=-ffunction-sections -fdata-sections -Wall -Wextra"
"Compiling cpu"
"Running Make libs in microblaze_0/libsrc/gpio_v4_3/src"
make -C microblaze_0/libsrc/gpio_v4_3/src -s libs  "SHELL=CMD" "COMPILER=mb-gcc" "ARCHIVER=mb-ar" "COMPILER_FLAGS=  -O2 -c -mcpu=v11.0 -mlittle-endian -mno-xl-reorder -mno-xl-soft-mul -mxl-barrel-shift -mxl-pattern-compare" "EXTRA_COMPILER_FLAGS=-ffunction-sections -fdata-sections -Wall -Wextra"
"Compiling gpio"
"Running Make libs in microblaze_0/libsrc/intc_v3_8/src"
make -C microblaze_0/libsrc/intc_v3_8/src -s libs  "SHELL=CMD" "COMPILER=mb-gcc" "ARCHIVER=mb-ar" "COMPILER_FLAGS=  -O2 -c -mcpu=v11.0 -mlittle-endian -mno-xl-reorder -mno-xl-soft-mul -mxl-barrel-shift -mxl-pattern-compare" "EXTRA_COMPILER_FLAGS=-ffunction-sections -fdata-sections -Wall -Wextra"
"Compiling intc"
"Running Make libs in microblaze_0/libsrc/mbox_v4_3/src"
make -C microblaze_0/libsrc/mbox_v4_3/src -s libs  "SHELL=CMD" "COMPILER=mb-gcc" "ARCHIVER=mb-ar" "COMPILER_FLAGS=  -O2 -c -mcpu=v11.0 -mlittle-endian -mno-xl-reorder -mno-xl-soft-mul -mxl-barrel-shift -mxl-pattern-compare" "EXTRA_COMPILER_FLAGS=-ffunction-sections -fdata-sections -Wall -Wextra"
"Compiling mbox"
"Running Make libs in microblaze_0/libsrc/mutex_v4_3/src"
make -C microblaze_0/libsrc/mutex_v4_3/src -s libs  "SHELL=CMD" "COMPILER=mb-gcc" "ARCHIVER=mb-ar" "COMPILER_FLAGS=  -O2 -c -mcpu=v11.0 -mlittle-endian -mno-xl-reorder -mno-xl-soft-mul -mxl-barrel-shift -mxl-pattern-compare" "EXTRA_COMPILER_FLAGS=-ffunction-sections -fdata-sections -Wall -Wextra"
"Compiling mutex"
"Running Make libs in microblaze_0/libsrc/standalone_v6_8/src"
make -C microblaze_0/libsrc/standalone_v6_8/src -s libs  "SHELL=CMD" "COMPILER=mb-gcc" "ARCHIVER=mb-ar" "COMPILER_FLAGS=  -O2 -c -mcpu=v11.0 -mlittle-endian -mno-xl-reorder -mno-xl-soft-mul -mxl-barrel-shift -mxl-pattern-compare" "EXTRA_COMPILER_FLAGS=-ffunction-sections -fdata-sections -Wall -Wextra"
"Compiling standalone";
inbyte.c: In function 'inbyte':
inbyte.c:11:1: warning: control reaches end of non-void function [-Wreturn-type]
 }
 ^
outbyte.c: In function 'outbyte':
outbyte.c:11:19: warning: unused parameter 'c' [-Wunused-parameter]
 void outbyte(char c) {
                   ^
microblaze_sleep.c:77:9: note: #pragma message: For the sleep routines, assembly instructions are used
 #pragma message ("For the sleep routines, assembly instructions are used")
         ^~~~~~~
'Finished building libraries'

**** Build of configuration Debug for project MB1_mutex ****

Nothing to build for project MB1_mutex
21:11:56 **** Auto Build of configuration Debug for project MB1_mutex ****
make all 
'Building file: ../src/m1_mutex.c'
'Invoking: MicroBlaze gcc compiler'
mb-gcc -Wall -O0 -g3 -c -fmessage-length=0 -MT"src/m1_mutex.o" -I../../MB1_mutex_bsp/microblaze_0/include -mno-xl-reorder -mlittle-endian -mxl-barrel-shift -mxl-pattern-compare -mcpu=v11.0 -mno-xl-soft-mul -Wl,--no-relax -ffunction-sections -fdata-sections -MMD -MP -MF"src/m1_mutex.d" -MT"src/m1_mutex.o" -o "src/m1_mutex.o" "../src/m1_mutex.c"
'Finished building: ../src/m1_mutex.c'
' '
'Building target: MB1_mutex.elf'
'Invoking: MicroBlaze gcc linker'
mb-gcc -Wl,-T -Wl,../src/lscript.ld -L../../MB1_mutex_bsp/microblaze_0/lib -mlittle-endian -mxl-barrel-shift -mxl-pattern-compare -mcpu=v11.0 -mno-xl-soft-mul -Wl,--no-relax -Wl,--gc-sections -o "MB1_mutex.elf"  ./src/m1_mutex.o   -Wl,--start-group,-lxil,-lgcc,-lc,--end-group
c:/xilinx/sdk/2018.3/gnu/microblaze/nt/bin/../lib/gcc/microblaze-xilinx-elf/7.3.1/../../../../microblaze-xilinx-elf/lib/bs/le/m/crtinit.o: In function `_crtinit':
(.text+0x78): undefined reference to `main'
collect2.exe: error: ld returned 1 exit status
make: *** [makefile:38: MB1_mutex.elf] Error 1
21:15:45 **** Auto Build of configuration Debug for project MB1_mutex ****
make all 
'Building file: ../src/m1_mutex.c'
'Invoking: MicroBlaze gcc compiler'
mb-gcc -Wall -O0 -g3 -c -fmessage-length=0 -MT"src/m1_mutex.o" -I../../MB1_mutex_bsp/microblaze_0/include -mno-xl-reorder -mlittle-endian -mxl-barrel-shift -mxl-pattern-compare -mcpu=v11.0 -mno-xl-soft-mul -Wl,--no-relax -ffunction-sections -fdata-sections -MMD -MP -MF"src/m1_mutex.d" -MT"src/m1_mutex.o" -o "src/m1_mutex.o" "../src/m1_mutex.c"
../src/m1_mutex.c: In function 'main':
../src/m1_mutex.c:31:6: warning: implicit declaration of function 'sleep'; did you mean 'strsep'? [-Wimplicit-function-declaration]
      sleep(1);
      ^~~~~
      strsep
'Finished building: ../src/m1_mutex.c'
' '
'Building target: MB1_mutex.elf'
'Invoking: MicroBlaze gcc linker'
mb-gcc -Wl,-T -Wl,../src/lscript.ld -L../../MB1_mutex_bsp/microblaze_0/lib -mlittle-endian -mxl-barrel-shift -mxl-pattern-compare -mcpu=v11.0 -mno-xl-soft-mul -Wl,--no-relax -Wl,--gc-sections -o "MB1_mutex.elf"  ./src/m1_mutex.o   -Wl,--start-group,-lxil,-lgcc,-lc,--end-group
'Finished building target: MB1_mutex.elf'
' '
'Invoking: MicroBlaze Print Size'
mb-size MB1_mutex.elf  |tee "MB1_mutex.elf.size"
   text	   data	    bss	    dec	    hex	filename
   4150	    364	   3118	   7632	   1dd0	MB1_mutex.elf
'Finished building: MB1_mutex.elf.size'
' '
21:16:20 **** Build of project MB2_mutex_bsp ****
make -k all 
"Running Make include in microblaze_1/libsrc/bram_v4_2/src"
make -C microblaze_1/libsrc/bram_v4_2/src -s include  "SHELL=CMD" "COMPILER=mb-gcc" "ARCHIVER=mb-ar" "COMPILER_FLAGS=  -O2 -c -mcpu=v11.0 -mlittle-endian -mno-xl-reorder -mno-xl-soft-mul -mxl-barrel-shift -mxl-pattern-compare" "EXTRA_COMPILER_FLAGS=-ffunction-sections -fdata-sections -Wall -Wextra"
"Running Make include in microblaze_1/libsrc/cpu_v2_8/src"
make -C microblaze_1/libsrc/cpu_v2_8/src -s include  "SHELL=CMD" "COMPILER=mb-gcc" "ARCHIVER=mb-ar" "COMPILER_FLAGS=  -O2 -c -mcpu=v11.0 -mlittle-endian -mno-xl-reorder -mno-xl-soft-mul -mxl-barrel-shift -mxl-pattern-compare" "EXTRA_COMPILER_FLAGS=-ffunction-sections -fdata-sections -Wall -Wextra"
"Running Make include in microblaze_1/libsrc/mutex_v4_3/src"
make -C microblaze_1/libsrc/mutex_v4_3/src -s include  "SHELL=CMD" "COMPILER=mb-gcc" "ARCHIVER=mb-ar" "COMPILER_FLAGS=  -O2 -c -mcpu=v11.0 -mlittle-endian -mno-xl-reorder -mno-xl-soft-mul -mxl-barrel-shift -mxl-pattern-compare" "EXTRA_COMPILER_FLAGS=-ffunction-sections -fdata-sections -Wall -Wextra"
"Running Make include in microblaze_1/libsrc/standalone_v6_8/src"
make -C microblaze_1/libsrc/standalone_v6_8/src -s include  "SHELL=CMD" "COMPILER=mb-gcc" "ARCHIVER=mb-ar" "COMPILER_FLAGS=  -O2 -c -mcpu=v11.0 -mlittle-endian -mno-xl-reorder -mno-xl-soft-mul -mxl-barrel-shift -mxl-pattern-compare" "EXTRA_COMPILER_FLAGS=-ffunction-sections -fdata-sections -Wall -Wextra"
"Running Make libs in microblaze_1/libsrc/bram_v4_2/src"
make -C microblaze_1/libsrc/bram_v4_2/src -s libs  "SHELL=CMD" "COMPILER=mb-gcc" "ARCHIVER=mb-ar" "COMPILER_FLAGS=  -O2 -c -mcpu=v11.0 -mlittle-endian -mno-xl-reorder -mno-xl-soft-mul -mxl-barrel-shift -mxl-pattern-compare" "EXTRA_COMPILER_FLAGS=-ffunction-sections -fdata-sections -Wall -Wextra"
"Compiling bram"
mb-ar: creating ../../../lib/libxil.a
"Running Make libs in microblaze_1/libsrc/cpu_v2_8/src"
make -C microblaze_1/libsrc/cpu_v2_8/src -s libs  "SHELL=CMD" "COMPILER=mb-gcc" "ARCHIVER=mb-ar" "COMPILER_FLAGS=  -O2 -c -mcpu=v11.0 -mlittle-endian -mno-xl-reorder -mno-xl-soft-mul -mxl-barrel-shift -mxl-pattern-compare" "EXTRA_COMPILER_FLAGS=-ffunction-sections -fdata-sections -Wall -Wextra"
"Compiling cpu"
"Running Make libs in microblaze_1/libsrc/mutex_v4_3/src"
make -C microblaze_1/libsrc/mutex_v4_3/src -s libs  "SHELL=CMD" "COMPILER=mb-gcc" "ARCHIVER=mb-ar" "COMPILER_FLAGS=  -O2 -c -mcpu=v11.0 -mlittle-endian -mno-xl-reorder -mno-xl-soft-mul -mxl-barrel-shift -mxl-pattern-compare" "EXTRA_COMPILER_FLAGS=-ffunction-sections -fdata-sections -Wall -Wextra"
"Compiling mutex"
"Running Make libs in microblaze_1/libsrc/standalone_v6_8/src"
make -C microblaze_1/libsrc/standalone_v6_8/src -s libs  "SHELL=CMD" "COMPILER=mb-gcc" "ARCHIVER=mb-ar" "COMPILER_FLAGS=  -O2 -c -mcpu=v11.0 -mlittle-endian -mno-xl-reorder -mno-xl-soft-mul -mxl-barrel-shift -mxl-pattern-compare" "EXTRA_COMPILER_FLAGS=-ffunction-sections -fdata-sections -Wall -Wextra"
"Compiling standalone";
inbyte.c: In function 'inbyte':
inbyte.c:11:1: warning: control reaches end of non-void function [-Wreturn-type]
 }
 ^
outbyte.c: In function 'outbyte':
outbyte.c:11:19: warning: unused parameter 'c' [-Wunused-parameter]
 void outbyte(char c) {
                   ^
microblaze_sleep.c:77:9: note: #pragma message: For the sleep routines, assembly instructions are used
 #pragma message ("For the sleep routines, assembly instructions are used")
         ^~~~~~~
'Finished building libraries'

**** Build of configuration Debug for project MB2_mutex ****

Nothing to build for project MB2_mutex
21:16:42 **** Auto Build of configuration Debug for project MB2_mutex ****
make all 
'Building file: ../src/m2_mutex.c'
'Invoking: MicroBlaze gcc compiler'
mb-gcc -Wall -O0 -g3 -c -fmessage-length=0 -MT"src/m2_mutex.o" -I../../MB2_mutex_bsp/microblaze_1/include -mno-xl-reorder -mlittle-endian -mxl-barrel-shift -mxl-pattern-compare -mcpu=v11.0 -mno-xl-soft-mul -Wl,--no-relax -ffunction-sections -fdata-sections -MMD -MP -MF"src/m2_mutex.d" -MT"src/m2_mutex.o" -o "src/m2_mutex.o" "../src/m2_mutex.c"
'Finished building: ../src/m2_mutex.c'
' '
'Building target: MB2_mutex.elf'
'Invoking: MicroBlaze gcc linker'
mb-gcc -Wl,-T -Wl,../src/lscript.ld -L../../MB2_mutex_bsp/microblaze_1/lib -mlittle-endian -mxl-barrel-shift -mxl-pattern-compare -mcpu=v11.0 -mno-xl-soft-mul -Wl,--no-relax -Wl,--gc-sections -o "MB2_mutex.elf"  ./src/m2_mutex.o   -Wl,--start-group,-lxil,-lgcc,-lc,--end-group
c:/xilinx/sdk/2018.3/gnu/microblaze/nt/bin/../lib/gcc/microblaze-xilinx-elf/7.3.1/../../../../microblaze-xilinx-elf/lib/bs/le/m/crtinit.o: In function `_crtinit':
(.text+0x78): undefined reference to `main'
collect2.exe: error: ld returned 1 exit status
make: *** [makefile:38: MB2_mutex.elf] Error 1
21:16:48 **** Auto Build of configuration Debug for project MB2_mutex ****
make all 
'Building file: ../src/m2_mutex.c'
'Invoking: MicroBlaze gcc compiler'
mb-gcc -Wall -O0 -g3 -c -fmessage-length=0 -MT"src/m2_mutex.o" -I../../MB2_mutex_bsp/microblaze_1/include -mno-xl-reorder -mlittle-endian -mxl-barrel-shift -mxl-pattern-compare -mcpu=v11.0 -mno-xl-soft-mul -Wl,--no-relax -ffunction-sections -fdata-sections -MMD -MP -MF"src/m2_mutex.d" -MT"src/m2_mutex.o" -o "src/m2_mutex.o" "../src/m2_mutex.c"
../src/m2_mutex.c:12:10: fatal error: xgpio.h: No such file or directory
 #include "xgpio.h"
          ^~~~~~~~~
compilation terminated.
make: *** [src/subdir.mk:23: src/m2_mutex.o] Error 1
21:17:37 **** Auto Build of configuration Debug for project MB2_mutex ****
make all 
'Building file: ../src/m2_mutex.c'
'Invoking: MicroBlaze gcc compiler'
mb-gcc -Wall -O0 -g3 -c -fmessage-length=0 -MT"src/m2_mutex.o" -I../../MB2_mutex_bsp/microblaze_1/include -mno-xl-reorder -mlittle-endian -mxl-barrel-shift -mxl-pattern-compare -mcpu=v11.0 -mno-xl-soft-mul -Wl,--no-relax -ffunction-sections -fdata-sections -MMD -MP -MF"src/m2_mutex.d" -MT"src/m2_mutex.o" -o "src/m2_mutex.o" "../src/m2_mutex.c"
../src/m2_mutex.c: In function 'main':
../src/m2_mutex.c:25:6: warning: implicit declaration of function 'sleep'; did you mean 'strsep'? [-Wimplicit-function-declaration]
      sleep(1);
      ^~~~~
      strsep
'Finished building: ../src/m2_mutex.c'
' '
'Building target: MB2_mutex.elf'
'Invoking: MicroBlaze gcc linker'
mb-gcc -Wl,-T -Wl,../src/lscript.ld -L../../MB2_mutex_bsp/microblaze_1/lib -mlittle-endian -mxl-barrel-shift -mxl-pattern-compare -mcpu=v11.0 -mno-xl-soft-mul -Wl,--no-relax -Wl,--gc-sections -o "MB2_mutex.elf"  ./src/m2_mutex.o   -Wl,--start-group,-lxil,-lgcc,-lc,--end-group
'Finished building target: MB2_mutex.elf'
' '
'Invoking: MicroBlaze Print Size'
mb-size MB2_mutex.elf  |tee "MB2_mutex.elf.size"
   text	   data	    bss	    dec	    hex	filename
   3070	    304	   3114	   6488	   1958	MB2_mutex.elf
'Finished building: MB2_mutex.elf.size'
' '
21:18:27 **** Build of project Zynq_mutex_bsp ****
make -k all 
"Running Make include in ps7_cortexa9_0/libsrc/coresightps_dcc_v1_4/src"
make -C ps7_cortexa9_0/libsrc/coresightps_dcc_v1_4/src -s include  "SHELL=CMD" "COMPILER=arm-none-eabi-gcc" "ARCHIVER=arm-none-eabi-ar" "COMPILER_FLAGS=  -O2 -c" "EXTRA_COMPILER_FLAGS=-mcpu=cortex-a9 -mfpu=vfpv3 -mfloat-abi=hard -nostartfiles -g -Wall -Wextra"
"Running Make include in ps7_cortexa9_0/libsrc/cpu_cortexa9_v2_7/src"
make -C ps7_cortexa9_0/libsrc/cpu_cortexa9_v2_7/src -s include  "SHELL=CMD" "COMPILER=arm-none-eabi-gcc" "ARCHIVER=arm-none-eabi-ar" "COMPILER_FLAGS=  -O2 -c" "EXTRA_COMPILER_FLAGS=-mcpu=cortex-a9 -mfpu=vfpv3 -mfloat-abi=hard -nostartfiles -g -Wall -Wextra"
"Running Make include in ps7_cortexa9_0/libsrc/ddrps_v1_0/src"
make -C ps7_cortexa9_0/libsrc/ddrps_v1_0/src -s include  "SHELL=CMD" "COMPILER=arm-none-eabi-gcc" "ARCHIVER=arm-none-eabi-ar" "COMPILER_FLAGS=  -O2 -c" "EXTRA_COMPILER_FLAGS=-mcpu=cortex-a9 -mfpu=vfpv3 -mfloat-abi=hard -nostartfiles -g -Wall -Wextra"
"Running Make include in ps7_cortexa9_0/libsrc/devcfg_v3_5/src"
make -C ps7_cortexa9_0/libsrc/devcfg_v3_5/src -s include  "SHELL=CMD" "COMPILER=arm-none-eabi-gcc" "ARCHIVER=arm-none-eabi-ar" "COMPILER_FLAGS=  -O2 -c" "EXTRA_COMPILER_FLAGS=-mcpu=cortex-a9 -mfpu=vfpv3 -mfloat-abi=hard -nostartfiles -g -Wall -Wextra"
"Running Make include in ps7_cortexa9_0/libsrc/dmaps_v2_4/src"
make -C ps7_cortexa9_0/libsrc/dmaps_v2_4/src -s include  "SHELL=CMD" "COMPILER=arm-none-eabi-gcc" "ARCHIVER=arm-none-eabi-ar" "COMPILER_FLAGS=  -O2 -c" "EXTRA_COMPILER_FLAGS=-mcpu=cortex-a9 -mfpu=vfpv3 -mfloat-abi=hard -nostartfiles -g -Wall -Wextra"
"Running Make include in ps7_cortexa9_0/libsrc/emacps_v3_8/src"
make -C ps7_cortexa9_0/libsrc/emacps_v3_8/src -s include  "SHELL=CMD" "COMPILER=arm-none-eabi-gcc" "ARCHIVER=arm-none-eabi-ar" "COMPILER_FLAGS=  -O2 -c" "EXTRA_COMPILER_FLAGS=-mcpu=cortex-a9 -mfpu=vfpv3 -mfloat-abi=hard -nostartfiles -g -Wall -Wextra"
"Running Make include in ps7_cortexa9_0/libsrc/gpiops_v3_4/src"
make -C ps7_cortexa9_0/libsrc/gpiops_v3_4/src -s include  "SHELL=CMD" "COMPILER=arm-none-eabi-gcc" "ARCHIVER=arm-none-eabi-ar" "COMPILER_FLAGS=  -O2 -c" "EXTRA_COMPILER_FLAGS=-mcpu=cortex-a9 -mfpu=vfpv3 -mfloat-abi=hard -nostartfiles -g -Wall -Wextra"
"Running Make include in ps7_cortexa9_0/libsrc/mbox_v4_3/src"
make -C ps7_cortexa9_0/libsrc/mbox_v4_3/src -s include  "SHELL=CMD" "COMPILER=arm-none-eabi-gcc" "ARCHIVER=arm-none-eabi-ar" "COMPILER_FLAGS=  -O2 -c" "EXTRA_COMPILER_FLAGS=-mcpu=cortex-a9 -mfpu=vfpv3 -mfloat-abi=hard -nostartfiles -g -Wall -Wextra"
"Running Make include in ps7_cortexa9_0/libsrc/mutex_v4_3/src"
make -C ps7_cortexa9_0/libsrc/mutex_v4_3/src -s include  "SHELL=CMD" "COMPILER=arm-none-eabi-gcc" "ARCHIVER=arm-none-eabi-ar" "COMPILER_FLAGS=  -O2 -c" "EXTRA_COMPILER_FLAGS=-mcpu=cortex-a9 -mfpu=vfpv3 -mfloat-abi=hard -nostartfiles -g -Wall -Wextra"
"Running Make include in ps7_cortexa9_0/libsrc/qspips_v3_5/src"
make -C ps7_cortexa9_0/libsrc/qspips_v3_5/src -s include  "SHELL=CMD" "COMPILER=arm-none-eabi-gcc" "ARCHIVER=arm-none-eabi-ar" "COMPILER_FLAGS=  -O2 -c" "EXTRA_COMPILER_FLAGS=-mcpu=cortex-a9 -mfpu=vfpv3 -mfloat-abi=hard -nostartfiles -g -Wall -Wextra"
"Running Make include in ps7_cortexa9_0/libsrc/scugic_v3_10/src"
make -C ps7_cortexa9_0/libsrc/scugic_v3_10/src -s include  "SHELL=CMD" "COMPILER=arm-none-eabi-gcc" "ARCHIVER=arm-none-eabi-ar" "COMPILER_FLAGS=  -O2 -c" "EXTRA_COMPILER_FLAGS=-mcpu=cortex-a9 -mfpu=vfpv3 -mfloat-abi=hard -nostartfiles -g -Wall -Wextra"
"Running Make include in ps7_cortexa9_0/libsrc/scutimer_v2_1/src"
make -C ps7_cortexa9_0/libsrc/scutimer_v2_1/src -s include  "SHELL=CMD" "COMPILER=arm-none-eabi-gcc" "ARCHIVER=arm-none-eabi-ar" "COMPILER_FLAGS=  -O2 -c" "EXTRA_COMPILER_FLAGS=-mcpu=cortex-a9 -mfpu=vfpv3 -mfloat-abi=hard -nostartfiles -g -Wall -Wextra"
"Running Make include in ps7_cortexa9_0/libsrc/scuwdt_v2_1/src"
make -C ps7_cortexa9_0/libsrc/scuwdt_v2_1/src -s include  "SHELL=CMD" "COMPILER=arm-none-eabi-gcc" "ARCHIVER=arm-none-eabi-ar" "COMPILER_FLAGS=  -O2 -c" "EXTRA_COMPILER_FLAGS=-mcpu=cortex-a9 -mfpu=vfpv3 -mfloat-abi=hard -nostartfiles -g -Wall -Wextra"
"Running Make include in ps7_cortexa9_0/libsrc/sdps_v3_6/src"
make -C ps7_cortexa9_0/libsrc/sdps_v3_6/src -s include  "SHELL=CMD" "COMPILER=arm-none-eabi-gcc" "ARCHIVER=arm-none-eabi-ar" "COMPILER_FLAGS=  -O2 -c" "EXTRA_COMPILER_FLAGS=-mcpu=cortex-a9 -mfpu=vfpv3 -mfloat-abi=hard -nostartfiles -g -Wall -Wextra"
"Running Make include in ps7_cortexa9_0/libsrc/standalone_v6_8/src"
make -C ps7_cortexa9_0/libsrc/standalone_v6_8/src -s include  "SHELL=CMD" "COMPILER=arm-none-eabi-gcc" "ARCHIVER=arm-none-eabi-ar" "COMPILER_FLAGS=  -O2 -c" "EXTRA_COMPILER_FLAGS=-mcpu=cortex-a9 -mfpu=vfpv3 -mfloat-abi=hard -nostartfiles -g -Wall -Wextra"
"Running Make include in ps7_cortexa9_0/libsrc/ttcps_v3_7/src"
make -C ps7_cortexa9_0/libsrc/ttcps_v3_7/src -s include  "SHELL=CMD" "COMPILER=arm-none-eabi-gcc" "ARCHIVER=arm-none-eabi-ar" "COMPILER_FLAGS=  -O2 -c" "EXTRA_COMPILER_FLAGS=-mcpu=cortex-a9 -mfpu=vfpv3 -mfloat-abi=hard -nostartfiles -g -Wall -Wextra"
"Running Make include in ps7_cortexa9_0/libsrc/uartps_v3_7/src"
make -C ps7_cortexa9_0/libsrc/uartps_v3_7/src -s include  "SHELL=CMD" "COMPILER=arm-none-eabi-gcc" "ARCHIVER=arm-none-eabi-ar" "COMPILER_FLAGS=  -O2 -c" "EXTRA_COMPILER_FLAGS=-mcpu=cortex-a9 -mfpu=vfpv3 -mfloat-abi=hard -nostartfiles -g -Wall -Wextra"
"Running Make include in ps7_cortexa9_0/libsrc/usbps_v2_4/src"
make -C ps7_cortexa9_0/libsrc/usbps_v2_4/src -s include  "SHELL=CMD" "COMPILER=arm-none-eabi-gcc" "ARCHIVER=arm-none-eabi-ar" "COMPILER_FLAGS=  -O2 -c" "EXTRA_COMPILER_FLAGS=-mcpu=cortex-a9 -mfpu=vfpv3 -mfloat-abi=hard -nostartfiles -g -Wall -Wextra"
"Running Make include in ps7_cortexa9_0/libsrc/xadcps_v2_3/src"
make -C ps7_cortexa9_0/libsrc/xadcps_v2_3/src -s include  "SHELL=CMD" "COMPILER=arm-none-eabi-gcc" "ARCHIVER=arm-none-eabi-ar" "COMPILER_FLAGS=  -O2 -c" "EXTRA_COMPILER_FLAGS=-mcpu=cortex-a9 -mfpu=vfpv3 -mfloat-abi=hard -nostartfiles -g -Wall -Wextra"
"Running Make libs in ps7_cortexa9_0/libsrc/coresightps_dcc_v1_4/src"
make -C ps7_cortexa9_0/libsrc/coresightps_dcc_v1_4/src -s libs  "SHELL=CMD" "COMPILER=arm-none-eabi-gcc" "ARCHIVER=arm-none-eabi-ar" "COMPILER_FLAGS=  -O2 -c" "EXTRA_COMPILER_FLAGS=-mcpu=cortex-a9 -mfpu=vfpv3 -mfloat-abi=hard -nostartfiles -g -Wall -Wextra"
"Compiling coresightps_dcc"
arm-none-eabi-ar: creating ../../../lib/libxil.a
"Running Make libs in ps7_cortexa9_0/libsrc/cpu_cortexa9_v2_7/src"
make -C ps7_cortexa9_0/libsrc/cpu_cortexa9_v2_7/src -s libs  "SHELL=CMD" "COMPILER=arm-none-eabi-gcc" "ARCHIVER=arm-none-eabi-ar" "COMPILER_FLAGS=  -O2 -c" "EXTRA_COMPILER_FLAGS=-mcpu=cortex-a9 -mfpu=vfpv3 -mfloat-abi=hard -nostartfiles -g -Wall -Wextra"
"Compiling cpu_cortexa9"
"Running Make libs in ps7_cortexa9_0/libsrc/ddrps_v1_0/src"
make -C ps7_cortexa9_0/libsrc/ddrps_v1_0/src -s libs  "SHELL=CMD" "COMPILER=arm-none-eabi-gcc" "ARCHIVER=arm-none-eabi-ar" "COMPILER_FLAGS=  -O2 -c" "EXTRA_COMPILER_FLAGS=-mcpu=cortex-a9 -mfpu=vfpv3 -mfloat-abi=hard -nostartfiles -g -Wall -Wextra"
"Compiling ddrps"
"Running Make libs in ps7_cortexa9_0/libsrc/devcfg_v3_5/src"
make -C ps7_cortexa9_0/libsrc/devcfg_v3_5/src -s libs  "SHELL=CMD" "COMPILER=arm-none-eabi-gcc" "ARCHIVER=arm-none-eabi-ar" "COMPILER_FLAGS=  -O2 -c" "EXTRA_COMPILER_FLAGS=-mcpu=cortex-a9 -mfpu=vfpv3 -mfloat-abi=hard -nostartfiles -g -Wall -Wextra"
"Compiling devcfg"
"Running Make libs in ps7_cortexa9_0/libsrc/dmaps_v2_4/src"
make -C ps7_cortexa9_0/libsrc/dmaps_v2_4/src -s libs  "SHELL=CMD" "COMPILER=arm-none-eabi-gcc" "ARCHIVER=arm-none-eabi-ar" "COMPILER_FLAGS=  -O2 -c" "EXTRA_COMPILER_FLAGS=-mcpu=cortex-a9 -mfpu=vfpv3 -mfloat-abi=hard -nostartfiles -g -Wall -Wextra"
"Compiling dmaps"
"Running Make libs in ps7_cortexa9_0/libsrc/emacps_v3_8/src"
make -C ps7_cortexa9_0/libsrc/emacps_v3_8/src -s libs  "SHELL=CMD" "COMPILER=arm-none-eabi-gcc" "ARCHIVER=arm-none-eabi-ar" "COMPILER_FLAGS=  -O2 -c" "EXTRA_COMPILER_FLAGS=-mcpu=cortex-a9 -mfpu=vfpv3 -mfloat-abi=hard -nostartfiles -g -Wall -Wextra"
"Compiling emacps"
"Running Make libs in ps7_cortexa9_0/libsrc/gpiops_v3_4/src"
make -C ps7_cortexa9_0/libsrc/gpiops_v3_4/src -s libs  "SHELL=CMD" "COMPILER=arm-none-eabi-gcc" "ARCHIVER=arm-none-eabi-ar" "COMPILER_FLAGS=  -O2 -c" "EXTRA_COMPILER_FLAGS=-mcpu=cortex-a9 -mfpu=vfpv3 -mfloat-abi=hard -nostartfiles -g -Wall -Wextra"
"Compiling gpiops"
"Running Make libs in ps7_cortexa9_0/libsrc/mbox_v4_3/src"
make -C ps7_cortexa9_0/libsrc/mbox_v4_3/src -s libs  "SHELL=CMD" "COMPILER=arm-none-eabi-gcc" "ARCHIVER=arm-none-eabi-ar" "COMPILER_FLAGS=  -O2 -c" "EXTRA_COMPILER_FLAGS=-mcpu=cortex-a9 -mfpu=vfpv3 -mfloat-abi=hard -nostartfiles -g -Wall -Wextra"
"Compiling mbox"
"Running Make libs in ps7_cortexa9_0/libsrc/mutex_v4_3/src"
make -C ps7_cortexa9_0/libsrc/mutex_v4_3/src -s libs  "SHELL=CMD" "COMPILER=arm-none-eabi-gcc" "ARCHIVER=arm-none-eabi-ar" "COMPILER_FLAGS=  -O2 -c" "EXTRA_COMPILER_FLAGS=-mcpu=cortex-a9 -mfpu=vfpv3 -mfloat-abi=hard -nostartfiles -g -Wall -Wextra"
"Compiling mutex"
"Running Make libs in ps7_cortexa9_0/libsrc/qspips_v3_5/src"
make -C ps7_cortexa9_0/libsrc/qspips_v3_5/src -s libs  "SHELL=CMD" "COMPILER=arm-none-eabi-gcc" "ARCHIVER=arm-none-eabi-ar" "COMPILER_FLAGS=  -O2 -c" "EXTRA_COMPILER_FLAGS=-mcpu=cortex-a9 -mfpu=vfpv3 -mfloat-abi=hard -nostartfiles -g -Wall -Wextra"
"Compiling qspips"
"Running Make libs in ps7_cortexa9_0/libsrc/scugic_v3_10/src"
make -C ps7_cortexa9_0/libsrc/scugic_v3_10/src -s libs  "SHELL=CMD" "COMPILER=arm-none-eabi-gcc" "ARCHIVER=arm-none-eabi-ar" "COMPILER_FLAGS=  -O2 -c" "EXTRA_COMPILER_FLAGS=-mcpu=cortex-a9 -mfpu=vfpv3 -mfloat-abi=hard -nostartfiles -g -Wall -Wextra"
"Compiling scugic"
"Running Make libs in ps7_cortexa9_0/libsrc/scutimer_v2_1/src"
make -C ps7_cortexa9_0/libsrc/scutimer_v2_1/src -s libs  "SHELL=CMD" "COMPILER=arm-none-eabi-gcc" "ARCHIVER=arm-none-eabi-ar" "COMPILER_FLAGS=  -O2 -c" "EXTRA_COMPILER_FLAGS=-mcpu=cortex-a9 -mfpu=vfpv3 -mfloat-abi=hard -nostartfiles -g -Wall -Wextra"
"Compiling scutimer"
"Running Make libs in ps7_cortexa9_0/libsrc/scuwdt_v2_1/src"
make -C ps7_cortexa9_0/libsrc/scuwdt_v2_1/src -s libs  "SHELL=CMD" "COMPILER=arm-none-eabi-gcc" "ARCHIVER=arm-none-eabi-ar" "COMPILER_FLAGS=  -O2 -c" "EXTRA_COMPILER_FLAGS=-mcpu=cortex-a9 -mfpu=vfpv3 -mfloat-abi=hard -nostartfiles -g -Wall -Wextra"
"Compiling scuwdt"
"Running Make libs in ps7_cortexa9_0/libsrc/sdps_v3_6/src"
make -C ps7_cortexa9_0/libsrc/sdps_v3_6/src -s libs  "SHELL=CMD" "COMPILER=arm-none-eabi-gcc" "ARCHIVER=arm-none-eabi-ar" "COMPILER_FLAGS=  -O2 -c" "EXTRA_COMPILER_FLAGS=-mcpu=cortex-a9 -mfpu=vfpv3 -mfloat-abi=hard -nostartfiles -g -Wall -Wextra"
"Compiling sdps"
"Running Make libs in ps7_cortexa9_0/libsrc/standalone_v6_8/src"
make -C ps7_cortexa9_0/libsrc/standalone_v6_8/src -s libs  "SHELL=CMD" "COMPILER=arm-none-eabi-gcc" "ARCHIVER=arm-none-eabi-ar" "COMPILER_FLAGS=  -O2 -c" "EXTRA_COMPILER_FLAGS=-mcpu=cortex-a9 -mfpu=vfpv3 -mfloat-abi=hard -nostartfiles -g -Wall -Wextra"
"Compiling standalone"
In file included from usleep.c:56:0:
xtime_l.h:87:9: note: #pragma message: For the sleep routines, Global timer is being used
 #pragma message ("For the sleep routines, Global timer is being used")
         ^~~~~~~
In file included from xil_sleeptimer.c:51:0:
xtime_l.h:87:9: note: #pragma message: For the sleep routines, Global timer is being used
 #pragma message ("For the sleep routines, Global timer is being used")
         ^~~~~~~
In file included from xtime_l.c:49:0:
xtime_l.h:87:9: note: #pragma message: For the sleep routines, Global timer is being used
 #pragma message ("For the sleep routines, Global timer is being used")
         ^~~~~~~
In file included from sleep.c:53:0:
xtime_l.h:87:9: note: #pragma message: For the sleep routines, Global timer is being used
 #pragma message ("For the sleep routines, Global timer is being used")
         ^~~~~~~
"Running Make libs in ps7_cortexa9_0/libsrc/ttcps_v3_7/src"
make -C ps7_cortexa9_0/libsrc/ttcps_v3_7/src -s libs  "SHELL=CMD" "COMPILER=arm-none-eabi-gcc" "ARCHIVER=arm-none-eabi-ar" "COMPILER_FLAGS=  -O2 -c" "EXTRA_COMPILER_FLAGS=-mcpu=cortex-a9 -mfpu=vfpv3 -mfloat-abi=hard -nostartfiles -g -Wall -Wextra"
"Compiling ttcps"
"Running Make libs in ps7_cortexa9_0/libsrc/uartps_v3_7/src"
make -C ps7_cortexa9_0/libsrc/uartps_v3_7/src -s libs  "SHELL=CMD" "COMPILER=arm-none-eabi-gcc" "ARCHIVER=arm-none-eabi-ar" "COMPILER_FLAGS=  -O2 -c" "EXTRA_COMPILER_FLAGS=-mcpu=cortex-a9 -mfpu=vfpv3 -mfloat-abi=hard -nostartfiles -g -Wall -Wextra"
"Compiling uartps"
"Running Make libs in ps7_cortexa9_0/libsrc/usbps_v2_4/src"
make -C ps7_cortexa9_0/libsrc/usbps_v2_4/src -s libs  "SHELL=CMD" "COMPILER=arm-none-eabi-gcc" "ARCHIVER=arm-none-eabi-ar" "COMPILER_FLAGS=  -O2 -c" "EXTRA_COMPILER_FLAGS=-mcpu=cortex-a9 -mfpu=vfpv3 -mfloat-abi=hard -nostartfiles -g -Wall -Wextra"
"Compiling usbps"
"Running Make libs in ps7_cortexa9_0/libsrc/xadcps_v2_3/src"
make -C ps7_cortexa9_0/libsrc/xadcps_v2_3/src -s libs  "SHELL=CMD" "COMPILER=arm-none-eabi-gcc" "ARCHIVER=arm-none-eabi-ar" "COMPILER_FLAGS=  -O2 -c" "EXTRA_COMPILER_FLAGS=-mcpu=cortex-a9 -mfpu=vfpv3 -mfloat-abi=hard -nostartfiles -g -Wall -Wextra"
"Compiling xadcps"
'Finished building libraries'
21:18:51 **** Build of configuration Debug for project Zynq_mutex ****
make pre-build main-build 
a9-linaro-pre-build-step
' '
'Building file: ../src/helloworld.c'
'Invoking: ARM v7 gcc compiler'
arm-none-eabi-gcc -Wall -O0 -g3 -c -fmessage-length=0 -MT"src/helloworld.o" -mcpu=cortex-a9 -mfpu=vfpv3 -mfloat-abi=hard -I../../Zynq_mutex_bsp/ps7_cortexa9_0/include -MMD -MP -MF"src/helloworld.d" -MT"src/helloworld.o" -o "src/helloworld.o" "../src/helloworld.c"
'Finished building: ../src/helloworld.c'
' '
'Building file: ../src/platform.c'
'Invoking: ARM v7 gcc compiler'
arm-none-eabi-gcc -Wall -O0 -g3 -c -fmessage-length=0 -MT"src/platform.o" -mcpu=cortex-a9 -mfpu=vfpv3 -mfloat-abi=hard -I../../Zynq_mutex_bsp/ps7_cortexa9_0/include -MMD -MP -MF"src/platform.d" -MT"src/platform.o" -o "src/platform.o" "../src/platform.c"
'Finished building: ../src/platform.c'
' '
'Building target: Zynq_mutex.elf'
'Invoking: ARM v7 gcc linker'
arm-none-eabi-gcc -mcpu=cortex-a9 -mfpu=vfpv3 -mfloat-abi=hard -Wl,-build-id=none -specs=Xilinx.spec -Wl,-T -Wl,../src/lscript.ld -L../../Zynq_mutex_bsp/ps7_cortexa9_0/lib -o "Zynq_mutex.elf"  ./src/helloworld.o ./src/platform.o   -Wl,--start-group,-lxil,-lgcc,-lc,--end-group
'Finished building target: Zynq_mutex.elf'
' '
'Invoking: ARM v7 Print Size'
arm-none-eabi-size Zynq_mutex.elf  |tee "Zynq_mutex.elf.size"
   text	   data	    bss	    dec	    hex	filename
  19352	   1144	  22568	  43064	   a838	Zynq_mutex.elf
'Finished building: Zynq_mutex.elf.size'
' '
21:22:54 **** Auto Build of configuration Debug for project MB2_mutex ****
make all 
'Building file: ../src/m2_mutex.c'
'Invoking: MicroBlaze gcc compiler'
mb-gcc -Wall -O0 -g3 -c -fmessage-length=0 -MT"src/m2_mutex.o" -I../../MB2_mutex_bsp/microblaze_1/include -mno-xl-reorder -mlittle-endian -mxl-barrel-shift -mxl-pattern-compare -mcpu=v11.0 -mno-xl-soft-mul -Wl,--no-relax -ffunction-sections -fdata-sections -MMD -MP -MF"src/m2_mutex.d" -MT"src/m2_mutex.o" -o "src/m2_mutex.o" "../src/m2_mutex.c"
../src/m2_mutex.c: In function 'main':
../src/m2_mutex.c:30:6: warning: implicit declaration of function 'sleep'; did you mean 'strsep'? [-Wimplicit-function-declaration]
      sleep(1);
      ^~~~~
      strsep
'Finished building: ../src/m2_mutex.c'
' '
'Building target: MB2_mutex.elf'
'Invoking: MicroBlaze gcc linker'
mb-gcc -Wl,-T -Wl,../src/lscript.ld -L../../MB2_mutex_bsp/microblaze_1/lib -mlittle-endian -mxl-barrel-shift -mxl-pattern-compare -mcpu=v11.0 -mno-xl-soft-mul -Wl,--no-relax -Wl,--gc-sections -o "MB2_mutex.elf"  ./src/m2_mutex.o   -Wl,--start-group,-lxil,-lgcc,-lc,--end-group
'Finished building target: MB2_mutex.elf'
' '
'Invoking: MicroBlaze Print Size'
mb-size MB2_mutex.elf  |tee "MB2_mutex.elf.size"
   text	   data	    bss	    dec	    hex	filename
   3106	    304	   3118	   6528	   1980	MB2_mutex.elf
'Finished building: MB2_mutex.elf.size'
' '
02:44:52 **** Auto Build of configuration Debug for project MB2_mutex ****
make all 
'Building file: ../src/m2_mutex.c'
'Invoking: MicroBlaze gcc compiler'
mb-gcc -Wall -O0 -g3 -c -fmessage-length=0 -MT"src/m2_mutex.o" -I../../MB2_mutex_bsp/microblaze_1/include -mno-xl-reorder -mlittle-endian -mxl-barrel-shift -mxl-pattern-compare -mcpu=v11.0 -mno-xl-soft-mul -Wl,--no-relax -ffunction-sections -fdata-sections -MMD -MP -MF"src/m2_mutex.d" -MT"src/m2_mutex.o" -o "src/m2_mutex.o" "../src/m2_mutex.c"
../src/m2_mutex.c: In function 'main':
../src/m2_mutex.c:30:6: warning: implicit declaration of function 'sleep'; did you mean 'strsep'? [-Wimplicit-function-declaration]
      sleep(1);
      ^~~~~
      strsep
'Finished building: ../src/m2_mutex.c'
' '
'Building target: MB2_mutex.elf'
'Invoking: MicroBlaze gcc linker'
mb-gcc -Wl,-T -Wl,../src/lscript.ld -L../../MB2_mutex_bsp/microblaze_1/lib -mlittle-endian -mxl-barrel-shift -mxl-pattern-compare -mcpu=v11.0 -mno-xl-soft-mul -Wl,--no-relax -Wl,--gc-sections -o "MB2_mutex.elf"  ./src/m2_mutex.o   -Wl,--start-group,-lxil,-lgcc,-lc,--end-group
'Finished building target: MB2_mutex.elf'
' '
'Invoking: MicroBlaze Print Size'
mb-size MB2_mutex.elf  |tee "MB2_mutex.elf.size"
   text	   data	    bss	    dec	    hex	filename
   3106	    304	   3118	   6528	   1980	MB2_mutex.elf
'Finished building: MB2_mutex.elf.size'
' '
15:35:00 **** Clean-only build of configuration Debug for project MB2_mutex ****
make clean 
rm -rf  ./src/m2_mutex.o  ./src/m2_mutex.d  MB2_mutex.elf.size  MB2_mutex.elf
' '
15:35:02 **** Auto Build of configuration Debug for project MB2_mutex ****
make all 
'Building file: ../src/m2_mutex.c'
'Invoking: MicroBlaze gcc compiler'
mb-gcc -Wall -O0 -g3 -c -fmessage-length=0 -MT"src/m2_mutex.o" -I../../MB2_mutex_bsp/microblaze_1/include -mno-xl-reorder -mlittle-endian -mxl-barrel-shift -mxl-pattern-compare -mcpu=v11.0 -mno-xl-soft-mul -Wl,--no-relax -ffunction-sections -fdata-sections -MMD -MP -MF"src/m2_mutex.d" -MT"src/m2_mutex.o" -o "src/m2_mutex.o" "../src/m2_mutex.c"
../src/m2_mutex.c: In function 'main':
../src/m2_mutex.c:30:6: warning: implicit declaration of function 'sleep'; did you mean 'strsep'? [-Wimplicit-function-declaration]
      sleep(1);
      ^~~~~
      strsep
'Finished building: ../src/m2_mutex.c'
' '
'Building target: MB2_mutex.elf'
'Invoking: MicroBlaze gcc linker'
mb-gcc -Wl,-T -Wl,../src/lscript.ld -L../../MB2_mutex_bsp/microblaze_1/lib -mlittle-endian -mxl-barrel-shift -mxl-pattern-compare -mcpu=v11.0 -mno-xl-soft-mul -Wl,--no-relax -Wl,--gc-sections -o "MB2_mutex.elf"  ./src/m2_mutex.o   -Wl,--start-group,-lxil,-lgcc,-lc,--end-group
'Finished building target: MB2_mutex.elf'
' '
'Invoking: MicroBlaze Print Size'
mb-size MB2_mutex.elf  |tee "MB2_mutex.elf.size"
   text	   data	    bss	    dec	    hex	filename
   3106	    304	   3118	   6528	   1980	MB2_mutex.elf
'Finished building: MB2_mutex.elf.size'
' '
15:35:07 **** Auto Build of configuration Debug for project MB2_mutex ****
make all 
'Building file: ../src/m2_mutex.c'
'Invoking: MicroBlaze gcc compiler'
mb-gcc -Wall -O0 -g3 -c -fmessage-length=0 -MT"src/m2_mutex.o" -I../../MB2_mutex_bsp/microblaze_1/include -mno-xl-reorder -mlittle-endian -mxl-barrel-shift -mxl-pattern-compare -mcpu=v11.0 -mno-xl-soft-mul -Wl,--no-relax -ffunction-sections -fdata-sections -MMD -MP -MF"src/m2_mutex.d" -MT"src/m2_mutex.o" -o "src/m2_mutex.o" "../src/m2_mutex.c"
../src/m2_mutex.c: In function 'main':
../src/m2_mutex.c:30:6: warning: implicit declaration of function 'sleep'; did you mean 'strsep'? [-Wimplicit-function-declaration]
      sleep(1);
      ^~~~~
      strsep
'Finished building: ../src/m2_mutex.c'
' '
'Building target: MB2_mutex.elf'
'Invoking: MicroBlaze gcc linker'
mb-gcc -Wl,-T -Wl,../src/lscript.ld -L../../MB2_mutex_bsp/microblaze_1/lib -mlittle-endian -mxl-barrel-shift -mxl-pattern-compare -mcpu=v11.0 -mno-xl-soft-mul -Wl,--no-relax -Wl,--gc-sections -o "MB2_mutex.elf"  ./src/m2_mutex.o   -Wl,--start-group,-lxil,-lgcc,-lc,--end-group
'Finished building target: MB2_mutex.elf'
' '
'Invoking: MicroBlaze Print Size'
mb-size MB2_mutex.elf  |tee "MB2_mutex.elf.size"
   text	   data	    bss	    dec	    hex	filename
   3106	    304	   3118	   6528	   1980	MB2_mutex.elf
'Finished building: MB2_mutex.elf.size'
' '
15:36:00 **** Auto Build of configuration Debug for project Zynq_App ****
make pre-build main-build 
a9-linaro-pre-build-step
' '
make: Nothing to be done for 'main-build'.
15:40:13 **** Auto Build of configuration Debug for project MB2_mutex ****
make all 
'Building file: ../src/m2_mutex.c'
'Invoking: MicroBlaze gcc compiler'
mb-gcc -Wall -O0 -g3 -c -fmessage-length=0 -MT"src/m2_mutex.o" -I../../MB2_mutex_bsp/microblaze_1/include -mno-xl-reorder -mlittle-endian -mxl-barrel-shift -mxl-pattern-compare -mcpu=v11.0 -mno-xl-soft-mul -Wl,--no-relax -ffunction-sections -fdata-sections -MMD -MP -MF"src/m2_mutex.d" -MT"src/m2_mutex.o" -o "src/m2_mutex.o" "../src/m2_mutex.c"
In file included from ../../MB2_mutex_bsp/microblaze_1/include/xmutex.h:127:0,
                 from ../src/m2_mutex.c:9:
../src/m2_mutex.c: In function 'main':
../../MB2_mutex_bsp/microblaze_1/include/xmutex_hw.h:145:12: warning: passing argument 1 of 'Xil_Out32' makes integer from pointer without a cast [-Wint-conversion]
  Xil_Out32(((BaseAddress) + XMutex_Offset(MutexNumber) +     \
            ^
../src/m2_mutex.c:27:7: note: in expansion of macro 'XMutex_WriteReg'
       XMutex_WriteReg(&Mutex, 0, 0, cal);
       ^~~~~~~~~~~~~~~
In file included from ../../MB2_mutex_bsp/microblaze_1/include/xmutex_hw.h:62:0,
                 from ../../MB2_mutex_bsp/microblaze_1/include/xmutex.h:127,
                 from ../src/m2_mutex.c:9:
../../MB2_mutex_bsp/microblaze_1/include/xil_io.h:219:20: note: expected 'UINTPTR {aka unsigned int}' but argument is of type 'XMutex * {aka struct <anonymous> *}'
 static INLINE void Xil_Out32(UINTPTR Addr, u32 Value)
                    ^~~~~~~~~
In file included from ../../MB2_mutex_bsp/microblaze_1/include/xmutex.h:127:0,
                 from ../src/m2_mutex.c:9:
../../MB2_mutex_bsp/microblaze_1/include/xmutex_hw.h:145:12: warning: passing argument 1 of 'Xil_Out32' makes integer from pointer without a cast [-Wint-conversion]
  Xil_Out32(((BaseAddress) + XMutex_Offset(MutexNumber) +     \
            ^
../src/m2_mutex.c:31:7: note: in expansion of macro 'XMutex_WriteReg'
       XMutex_WriteReg(&Mutex, 0, 0, cal);
       ^~~~~~~~~~~~~~~
In file included from ../../MB2_mutex_bsp/microblaze_1/include/xmutex_hw.h:62:0,
                 from ../../MB2_mutex_bsp/microblaze_1/include/xmutex.h:127,
                 from ../src/m2_mutex.c:9:
../../MB2_mutex_bsp/microblaze_1/include/xil_io.h:219:20: note: expected 'UINTPTR {aka unsigned int}' but argument is of type 'XMutex * {aka struct <anonymous> *}'
 static INLINE void Xil_Out32(UINTPTR Addr, u32 Value)
                    ^~~~~~~~~
../src/m2_mutex.c:33:6: warning: implicit declaration of function 'sleep'; did you mean 'strsep'? [-Wimplicit-function-declaration]
      sleep(1);
      ^~~~~
      strsep
'Finished building: ../src/m2_mutex.c'
' '
'Building target: MB2_mutex.elf'
'Invoking: MicroBlaze gcc linker'
mb-gcc -Wl,-T -Wl,../src/lscript.ld -L../../MB2_mutex_bsp/microblaze_1/lib -mlittle-endian -mxl-barrel-shift -mxl-pattern-compare -mcpu=v11.0 -mno-xl-soft-mul -Wl,--no-relax -Wl,--gc-sections -o "MB2_mutex.elf"  ./src/m2_mutex.o   -Wl,--start-group,-lxil,-lgcc,-lc,--end-group
'Finished building target: MB2_mutex.elf'
' '
'Invoking: MicroBlaze Print Size'
mb-size MB2_mutex.elf  |tee "MB2_mutex.elf.size"
   text	   data	    bss	    dec	    hex	filename
   3226	    304	   3118	   6648	   19f8	MB2_mutex.elf
'Finished building: MB2_mutex.elf.size'
' '
15:41:02 **** Auto Build of configuration Debug for project MB2_mutex ****
make all 
'Building file: ../src/m2_mutex.c'
'Invoking: MicroBlaze gcc compiler'
mb-gcc -Wall -O0 -g3 -c -fmessage-length=0 -MT"src/m2_mutex.o" -I../../MB2_mutex_bsp/microblaze_1/include -mno-xl-reorder -mlittle-endian -mxl-barrel-shift -mxl-pattern-compare -mcpu=v11.0 -mno-xl-soft-mul -Wl,--no-relax -ffunction-sections -fdata-sections -MMD -MP -MF"src/m2_mutex.d" -MT"src/m2_mutex.o" -o "src/m2_mutex.o" "../src/m2_mutex.c"
In file included from ../../MB2_mutex_bsp/microblaze_1/include/xmutex.h:127:0,
                 from ../src/m2_mutex.c:9:
../src/m2_mutex.c: In function 'main':
../../MB2_mutex_bsp/microblaze_1/include/xmutex_hw.h:145:12: warning: passing argument 1 of 'Xil_Out32' makes integer from pointer without a cast [-Wint-conversion]
  Xil_Out32(((BaseAddress) + XMutex_Offset(MutexNumber) +     \
            ^
../src/m2_mutex.c:27:7: note: in expansion of macro 'XMutex_WriteReg'
       XMutex_WriteReg(&Mutex, 0, 0, cal);
       ^~~~~~~~~~~~~~~
In file included from ../../MB2_mutex_bsp/microblaze_1/include/xmutex_hw.h:62:0,
                 from ../../MB2_mutex_bsp/microblaze_1/include/xmutex.h:127,
                 from ../src/m2_mutex.c:9:
../../MB2_mutex_bsp/microblaze_1/include/xil_io.h:219:20: note: expected 'UINTPTR {aka unsigned int}' but argument is of type 'XMutex * {aka struct <anonymous> *}'
 static INLINE void Xil_Out32(UINTPTR Addr, u32 Value)
                    ^~~~~~~~~
In file included from ../../MB2_mutex_bsp/microblaze_1/include/xmutex.h:127:0,
                 from ../src/m2_mutex.c:9:
../../MB2_mutex_bsp/microblaze_1/include/xmutex_hw.h:145:12: warning: passing argument 1 of 'Xil_Out32' makes integer from pointer without a cast [-Wint-conversion]
  Xil_Out32(((BaseAddress) + XMutex_Offset(MutexNumber) +     \
            ^
../src/m2_mutex.c:31:7: note: in expansion of macro 'XMutex_WriteReg'
       XMutex_WriteReg(&Mutex, 0, 0, cal);
       ^~~~~~~~~~~~~~~
In file included from ../../MB2_mutex_bsp/microblaze_1/include/xmutex_hw.h:62:0,
                 from ../../MB2_mutex_bsp/microblaze_1/include/xmutex.h:127,
                 from ../src/m2_mutex.c:9:
../../MB2_mutex_bsp/microblaze_1/include/xil_io.h:219:20: note: expected 'UINTPTR {aka unsigned int}' but argument is of type 'XMutex * {aka struct <anonymous> *}'
 static INLINE void Xil_Out32(UINTPTR Addr, u32 Value)
                    ^~~~~~~~~
../src/m2_mutex.c:33:6: warning: implicit declaration of function 'sleep'; did you mean 'strsep'? [-Wimplicit-function-declaration]
      sleep(1);
      ^~~~~
      strsep
'Finished building: ../src/m2_mutex.c'
' '
'Building target: MB2_mutex.elf'
'Invoking: MicroBlaze gcc linker'
mb-gcc -Wl,-T -Wl,../src/lscript.ld -L../../MB2_mutex_bsp/microblaze_1/lib -mlittle-endian -mxl-barrel-shift -mxl-pattern-compare -mcpu=v11.0 -mno-xl-soft-mul -Wl,--no-relax -Wl,--gc-sections -o "MB2_mutex.elf"  ./src/m2_mutex.o   -Wl,--start-group,-lxil,-lgcc,-lc,--end-group
'Finished building target: MB2_mutex.elf'
' '
'Invoking: MicroBlaze Print Size'
mb-size MB2_mutex.elf  |tee "MB2_mutex.elf.size"
   text	   data	    bss	    dec	    hex	filename
   3226	    304	   3118	   6648	   19f8	MB2_mutex.elf
'Finished building: MB2_mutex.elf.size'
' '
15:49:52 **** Auto Build of configuration Debug for project MB2_mutex ****
make all 
'Building file: ../src/m2_mutex.c'
'Invoking: MicroBlaze gcc compiler'
mb-gcc -Wall -O0 -g3 -c -fmessage-length=0 -MT"src/m2_mutex.o" -I../../MB2_mutex_bsp/microblaze_1/include -mno-xl-reorder -mlittle-endian -mxl-barrel-shift -mxl-pattern-compare -mcpu=v11.0 -mno-xl-soft-mul -Wl,--no-relax -ffunction-sections -fdata-sections -MMD -MP -MF"src/m2_mutex.d" -MT"src/m2_mutex.o" -o "src/m2_mutex.o" "../src/m2_mutex.c"
In file included from ../../MB2_mutex_bsp/microblaze_1/include/xmutex.h:127:0,
                 from ../src/m2_mutex.c:9:
../src/m2_mutex.c: In function 'main':
../../MB2_mutex_bsp/microblaze_1/include/xmutex_hw.h:145:12: warning: passing argument 1 of 'Xil_Out32' makes integer from pointer without a cast [-Wint-conversion]
  Xil_Out32(((BaseAddress) + XMutex_Offset(MutexNumber) +     \
            ^
../src/m2_mutex.c:27:7: note: in expansion of macro 'XMutex_WriteReg'
       XMutex_WriteReg(&Mutex, 0, 0, cal);
       ^~~~~~~~~~~~~~~
In file included from ../../MB2_mutex_bsp/microblaze_1/include/xmutex_hw.h:62:0,
                 from ../../MB2_mutex_bsp/microblaze_1/include/xmutex.h:127,
                 from ../src/m2_mutex.c:9:
../../MB2_mutex_bsp/microblaze_1/include/xil_io.h:219:20: note: expected 'UINTPTR {aka unsigned int}' but argument is of type 'XMutex * {aka struct <anonymous> *}'
 static INLINE void Xil_Out32(UINTPTR Addr, u32 Value)
                    ^~~~~~~~~
In file included from ../../MB2_mutex_bsp/microblaze_1/include/xmutex.h:127:0,
                 from ../src/m2_mutex.c:9:
../../MB2_mutex_bsp/microblaze_1/include/xmutex_hw.h:145:12: warning: passing argument 1 of 'Xil_Out32' makes integer from pointer without a cast [-Wint-conversion]
  Xil_Out32(((BaseAddress) + XMutex_Offset(MutexNumber) +     \
            ^
../src/m2_mutex.c:31:7: note: in expansion of macro 'XMutex_WriteReg'
       XMutex_WriteReg(&Mutex, 0, 0, cal);
       ^~~~~~~~~~~~~~~
In file included from ../../MB2_mutex_bsp/microblaze_1/include/xmutex_hw.h:62:0,
                 from ../../MB2_mutex_bsp/microblaze_1/include/xmutex.h:127,
                 from ../src/m2_mutex.c:9:
../../MB2_mutex_bsp/microblaze_1/include/xil_io.h:219:20: note: expected 'UINTPTR {aka unsigned int}' but argument is of type 'XMutex * {aka struct <anonymous> *}'
 static INLINE void Xil_Out32(UINTPTR Addr, u32 Value)
                    ^~~~~~~~~
../src/m2_mutex.c:33:6: warning: implicit declaration of function 'sleep'; did you mean 'strsep'? [-Wimplicit-function-declaration]
      sleep(1);
      ^~~~~
      strsep
'Finished building: ../src/m2_mutex.c'
' '
'Building target: MB2_mutex.elf'
'Invoking: MicroBlaze gcc linker'
mb-gcc -Wl,-T -Wl,../src/lscript.ld -L../../MB2_mutex_bsp/microblaze_1/lib -mlittle-endian -mxl-barrel-shift -mxl-pattern-compare -mcpu=v11.0 -mno-xl-soft-mul -Wl,--no-relax -Wl,--gc-sections -o "MB2_mutex.elf"  ./src/m2_mutex.o   -Wl,--start-group,-lxil,-lgcc,-lc,--end-group
'Finished building target: MB2_mutex.elf'
' '
'Invoking: MicroBlaze Print Size'
mb-size MB2_mutex.elf  |tee "MB2_mutex.elf.size"
   text	   data	    bss	    dec	    hex	filename
   3226	    304	   3118	   6648	   19f8	MB2_mutex.elf
'Finished building: MB2_mutex.elf.size'
' '
15:50:02 **** Clean-only build of configuration Debug for project MB1_mutex ****
make clean 
rm -rf  ./src/m1_mutex.o  ./src/m1_mutex.d  MB1_mutex.elf.size  MB1_mutex.elf
' '
15:50:02 **** Auto Build of configuration Debug for project MB1_mutex ****
make all 
'Building file: ../src/m1_mutex.c'
'Invoking: MicroBlaze gcc compiler'
mb-gcc -Wall -O0 -g3 -c -fmessage-length=0 -MT"src/m1_mutex.o" -I../../MB1_mutex_bsp/microblaze_0/include -mno-xl-reorder -mlittle-endian -mxl-barrel-shift -mxl-pattern-compare -mcpu=v11.0 -mno-xl-soft-mul -Wl,--no-relax -ffunction-sections -fdata-sections -MMD -MP -MF"src/m1_mutex.d" -MT"src/m1_mutex.o" -o "src/m1_mutex.o" "../src/m1_mutex.c"
../src/m1_mutex.c: In function 'main':
../src/m1_mutex.c:20:5: error: 'cal' undeclared (first use in this function); did you mean 'char'?
     cal = 0;
     ^~~
     char
../src/m1_mutex.c:20:5: note: each undeclared identifier is reported only once for each function it appears in
In file included from ../../MB1_mutex_bsp/microblaze_0/include/xmutex.h:127:0,
                 from ../src/m1_mutex.c:9:
../../MB1_mutex_bsp/microblaze_0/include/xmutex_hw.h:126:11: warning: passing argument 1 of 'Xil_In32' makes integer from pointer without a cast [-Wint-conversion]
  Xil_In32((BaseAddress) + XMutex_Offset(MutexNumber) + (RegOffset))
           ^
../src/m1_mutex.c:31:12: note: in expansion of macro 'XMutex_ReadReg'
      cal = XMutex_ReadReg(&Mutex, 0, 0)
            ^~~~~~~~~~~~~~
In file included from ../../MB1_mutex_bsp/microblaze_0/include/xmutex_hw.h:62:0,
                 from ../../MB1_mutex_bsp/microblaze_0/include/xmutex.h:127,
                 from ../src/m1_mutex.c:9:
../../MB1_mutex_bsp/microblaze_0/include/xil_io.h:147:19: note: expected 'UINTPTR {aka unsigned int}' but argument is of type 'XMutex * {aka struct <anonymous> *}'
 static INLINE u32 Xil_In32(UINTPTR Addr)
                   ^~~~~~~~
../src/m1_mutex.c:32:6: error: expected ';' before 'XGpio_DiscreteWrite'
      XGpio_DiscreteWrite(&Gpio,1,cal);
      ^~~~~~~~~~~~~~~~~~~
../src/m1_mutex.c:33:6: warning: implicit declaration of function 'sleep'; did you mean 'strsep'? [-Wimplicit-function-declaration]
      sleep(1);
      ^~~~~
      strsep
make: *** [src/subdir.mk:23: src/m1_mutex.o] Error 1
15:50:11 **** Auto Build of configuration Debug for project MB1_mutex ****
make all 
'Building file: ../src/m1_mutex.c'
'Invoking: MicroBlaze gcc compiler'
mb-gcc -Wall -O0 -g3 -c -fmessage-length=0 -MT"src/m1_mutex.o" -I../../MB1_mutex_bsp/microblaze_0/include -mno-xl-reorder -mlittle-endian -mxl-barrel-shift -mxl-pattern-compare -mcpu=v11.0 -mno-xl-soft-mul -Wl,--no-relax -ffunction-sections -fdata-sections -MMD -MP -MF"src/m1_mutex.d" -MT"src/m1_mutex.o" -o "src/m1_mutex.o" "../src/m1_mutex.c"
../src/m1_mutex.c: In function 'main':
../src/m1_mutex.c:20:5: error: 'cal' undeclared (first use in this function); did you mean 'char'?
     cal = 0;
     ^~~
     char
../src/m1_mutex.c:20:5: note: each undeclared identifier is reported only once for each function it appears in
In file included from ../../MB1_mutex_bsp/microblaze_0/include/xmutex.h:127:0,
                 from ../src/m1_mutex.c:9:
../../MB1_mutex_bsp/microblaze_0/include/xmutex_hw.h:126:11: warning: passing argument 1 of 'Xil_In32' makes integer from pointer without a cast [-Wint-conversion]
  Xil_In32((BaseAddress) + XMutex_Offset(MutexNumber) + (RegOffset))
           ^
../src/m1_mutex.c:31:12: note: in expansion of macro 'XMutex_ReadReg'
      cal = XMutex_ReadReg(&Mutex, 0, 0);
            ^~~~~~~~~~~~~~
In file included from ../../MB1_mutex_bsp/microblaze_0/include/xmutex_hw.h:62:0,
                 from ../../MB1_mutex_bsp/microblaze_0/include/xmutex.h:127,
                 from ../src/m1_mutex.c:9:
../../MB1_mutex_bsp/microblaze_0/include/xil_io.h:147:19: note: expected 'UINTPTR {aka unsigned int}' but argument is of type 'XMutex * {aka struct <anonymous> *}'
 static INLINE u32 Xil_In32(UINTPTR Addr)
                   ^~~~~~~~
../src/m1_mutex.c:33:6: warning: implicit declaration of function 'sleep'; did you mean 'strsep'? [-Wimplicit-function-declaration]
      sleep(1);
      ^~~~~
      strsep
make: *** [src/subdir.mk:23: src/m1_mutex.o] Error 1
15:50:30 **** Auto Build of configuration Debug for project MB1_mutex ****
make all 
'Building file: ../src/m1_mutex.c'
'Invoking: MicroBlaze gcc compiler'
mb-gcc -Wall -O0 -g3 -c -fmessage-length=0 -MT"src/m1_mutex.o" -I../../MB1_mutex_bsp/microblaze_0/include -mno-xl-reorder -mlittle-endian -mxl-barrel-shift -mxl-pattern-compare -mcpu=v11.0 -mno-xl-soft-mul -Wl,--no-relax -ffunction-sections -fdata-sections -MMD -MP -MF"src/m1_mutex.d" -MT"src/m1_mutex.o" -o "src/m1_mutex.o" "../src/m1_mutex.c"
In file included from ../../MB1_mutex_bsp/microblaze_0/include/xmutex.h:127:0,
                 from ../src/m1_mutex.c:9:
../src/m1_mutex.c: In function 'main':
../../MB1_mutex_bsp/microblaze_0/include/xmutex_hw.h:126:11: warning: passing argument 1 of 'Xil_In32' makes integer from pointer without a cast [-Wint-conversion]
  Xil_In32((BaseAddress) + XMutex_Offset(MutexNumber) + (RegOffset))
           ^
../src/m1_mutex.c:31:12: note: in expansion of macro 'XMutex_ReadReg'
      cal = XMutex_ReadReg(&Mutex, 0, 0);
            ^~~~~~~~~~~~~~
In file included from ../../MB1_mutex_bsp/microblaze_0/include/xmutex_hw.h:62:0,
                 from ../../MB1_mutex_bsp/microblaze_0/include/xmutex.h:127,
                 from ../src/m1_mutex.c:9:
../../MB1_mutex_bsp/microblaze_0/include/xil_io.h:147:19: note: expected 'UINTPTR {aka unsigned int}' but argument is of type 'XMutex * {aka struct <anonymous> *}'
 static INLINE u32 Xil_In32(UINTPTR Addr)
                   ^~~~~~~~
../src/m1_mutex.c:33:6: warning: implicit declaration of function 'sleep'; did you mean 'strsep'? [-Wimplicit-function-declaration]
      sleep(1);
      ^~~~~
      strsep
'Finished building: ../src/m1_mutex.c'
' '
'Building target: MB1_mutex.elf'
'Invoking: MicroBlaze gcc linker'
mb-gcc -Wl,-T -Wl,../src/lscript.ld -L../../MB1_mutex_bsp/microblaze_0/lib -mlittle-endian -mxl-barrel-shift -mxl-pattern-compare -mcpu=v11.0 -mno-xl-soft-mul -Wl,--no-relax -Wl,--gc-sections -o "MB1_mutex.elf"  ./src/m1_mutex.o   -Wl,--start-group,-lxil,-lgcc,-lc,--end-group
'Finished building target: MB1_mutex.elf'
' '
'Invoking: MicroBlaze Print Size'
mb-size MB1_mutex.elf  |tee "MB1_mutex.elf.size"
   text	   data	    bss	    dec	    hex	filename
   4198	    364	   3118	   7680	   1e00	MB1_mutex.elf
'Finished building: MB1_mutex.elf.size'
' '
15:50:58 **** Auto Build of configuration Debug for project MB1_mutex ****
make all 
'Building file: ../src/m1_mutex.c'
'Invoking: MicroBlaze gcc compiler'
mb-gcc -Wall -O0 -g3 -c -fmessage-length=0 -MT"src/m1_mutex.o" -I../../MB1_mutex_bsp/microblaze_0/include -mno-xl-reorder -mlittle-endian -mxl-barrel-shift -mxl-pattern-compare -mcpu=v11.0 -mno-xl-soft-mul -Wl,--no-relax -ffunction-sections -fdata-sections -MMD -MP -MF"src/m1_mutex.d" -MT"src/m1_mutex.o" -o "src/m1_mutex.o" "../src/m1_mutex.c"
In file included from ../../MB1_mutex_bsp/microblaze_0/include/xmutex.h:127:0,
                 from ../src/m1_mutex.c:9:
../src/m1_mutex.c: In function 'main':
../../MB1_mutex_bsp/microblaze_0/include/xmutex_hw.h:126:11: warning: passing argument 1 of 'Xil_In32' makes integer from pointer without a cast [-Wint-conversion]
  Xil_In32((BaseAddress) + XMutex_Offset(MutexNumber) + (RegOffset))
           ^
../src/m1_mutex.c:31:12: note: in expansion of macro 'XMutex_ReadReg'
      cal = XMutex_ReadReg(&Mutex, 0, 0);
            ^~~~~~~~~~~~~~
In file included from ../../MB1_mutex_bsp/microblaze_0/include/xmutex_hw.h:62:0,
                 from ../../MB1_mutex_bsp/microblaze_0/include/xmutex.h:127,
                 from ../src/m1_mutex.c:9:
../../MB1_mutex_bsp/microblaze_0/include/xil_io.h:147:19: note: expected 'UINTPTR {aka unsigned int}' but argument is of type 'XMutex * {aka struct <anonymous> *}'
 static INLINE u32 Xil_In32(UINTPTR Addr)
                   ^~~~~~~~
../src/m1_mutex.c:33:6: warning: implicit declaration of function 'sleep'; did you mean 'strsep'? [-Wimplicit-function-declaration]
      sleep(1);
      ^~~~~
      strsep
'Finished building: ../src/m1_mutex.c'
' '
'Building target: MB1_mutex.elf'
'Invoking: MicroBlaze gcc linker'
mb-gcc -Wl,-T -Wl,../src/lscript.ld -L../../MB1_mutex_bsp/microblaze_0/lib -mlittle-endian -mxl-barrel-shift -mxl-pattern-compare -mcpu=v11.0 -mno-xl-soft-mul -Wl,--no-relax -Wl,--gc-sections -o "MB1_mutex.elf"  ./src/m1_mutex.o   -Wl,--start-group,-lxil,-lgcc,-lc,--end-group
'Finished building target: MB1_mutex.elf'
' '
'Invoking: MicroBlaze Print Size'
mb-size MB1_mutex.elf  |tee "MB1_mutex.elf.size"
   text	   data	    bss	    dec	    hex	filename
   4202	    364	   3122	   7688	   1e08	MB1_mutex.elf
'Finished building: MB1_mutex.elf.size'
' '
15:53:44 **** Incremental Build of configuration Debug for project MB2_mutex ****
make all 
make: Nothing to be done for 'all'.
15:53:46 **** Incremental Build of configuration Debug for project MB1_mutex ****
make all 
make: Nothing to be done for 'all'.
15:54:38 **** Incremental Build of configuration Debug for project MB2_mutex ****
make all 
make: Nothing to be done for 'all'.
15:54:39 **** Incremental Build of configuration Debug for project MB1_mutex ****
make all 
make: Nothing to be done for 'all'.
15:55:17 **** Incremental Build of configuration Debug for project MB2_mutex ****
make all 
make: Nothing to be done for 'all'.
15:55:17 **** Incremental Build of configuration Debug for project MB1_mutex ****
make all 
make: Nothing to be done for 'all'.
16:01:40 **** Incremental Build of configuration Debug for project MB2_mutex ****
make all 
make: Nothing to be done for 'all'.
16:01:40 **** Incremental Build of configuration Debug for project MB1_mutex ****
make all 
make: Nothing to be done for 'all'.
16:02:32 **** Incremental Build of configuration Debug for project MB2_mutex ****
make all 
make: Nothing to be done for 'all'.
16:02:32 **** Incremental Build of configuration Debug for project MB1_mutex ****
make all 
make: Nothing to be done for 'all'.
16:34:40 **** Incremental Build of configuration Debug for project MB2_mutex ****
make all 
make: Nothing to be done for 'all'.
16:34:41 **** Incremental Build of configuration Debug for project MB1_mutex ****
make all 
make: Nothing to be done for 'all'.
16:35:18 **** Incremental Build of configuration Debug for project MB2_mutex ****
make all 
make: Nothing to be done for 'all'.
16:35:18 **** Incremental Build of configuration Debug for project MB1_mutex ****
make all 
make: Nothing to be done for 'all'.
11:19:09 **** Auto Build of configuration Debug for project MB1_mutex ****
make all 
make: Nothing to be done for 'all'.
11:19:12 **** Auto Build of configuration Debug for project MB2_mutex ****
make all 
make: Nothing to be done for 'all'.
11:20:13 **** Clean-only build of configuration Debug for project MB1_mutex ****
make clean 
rm -rf  ./src/m1_mutex.o  ./src/m1_mutex.d  MB1_mutex.elf.size  MB1_mutex.elf
' '
11:20:14 **** Auto Build of configuration Debug for project MB1_mutex ****
make all 
'Building file: ../src/m1_mutex.c'
'Invoking: MicroBlaze gcc compiler'
mb-gcc -Wall -O0 -g3 -c -fmessage-length=0 -MT"src/m1_mutex.o" -I../../MB1_mutex_bsp/microblaze_0/include -mno-xl-reorder -mlittle-endian -mxl-barrel-shift -mxl-pattern-compare -mcpu=v11.0 -mno-xl-soft-mul -Wl,--no-relax -ffunction-sections -fdata-sections -MMD -MP -MF"src/m1_mutex.d" -MT"src/m1_mutex.o" -o "src/m1_mutex.o" "../src/m1_mutex.c"
In file included from ../../MB1_mutex_bsp/microblaze_0/include/xmutex.h:127:0,
                 from ../src/m1_mutex.c:9:
../src/m1_mutex.c: In function 'main':
../../MB1_mutex_bsp/microblaze_0/include/xmutex_hw.h:126:11: warning: passing argument 1 of 'Xil_In32' makes integer from pointer without a cast [-Wint-conversion]
  Xil_In32((BaseAddress) + XMutex_Offset(MutexNumber) + (RegOffset))
           ^
../src/m1_mutex.c:31:12: note: in expansion of macro 'XMutex_ReadReg'
      cal = XMutex_ReadReg(&Mutex, 0, 0);
            ^~~~~~~~~~~~~~
In file included from ../../MB1_mutex_bsp/microblaze_0/include/xmutex_hw.h:62:0,
                 from ../../MB1_mutex_bsp/microblaze_0/include/xmutex.h:127,
                 from ../src/m1_mutex.c:9:
../../MB1_mutex_bsp/microblaze_0/include/xil_io.h:147:19: note: expected 'UINTPTR {aka unsigned int}' but argument is of type 'XMutex * {aka struct <anonymous> *}'
 static INLINE u32 Xil_In32(UINTPTR Addr)
                   ^~~~~~~~
../src/m1_mutex.c:33:6: warning: implicit declaration of function 'sleep'; did you mean 'strsep'? [-Wimplicit-function-declaration]
      sleep(1);
      ^~~~~
      strsep
'Finished building: ../src/m1_mutex.c'
' '
'Building target: MB1_mutex.elf'
'Invoking: MicroBlaze gcc linker'
mb-gcc -Wl,-T -Wl,../src/lscript.ld -L../../MB1_mutex_bsp/microblaze_0/lib -mlittle-endian -mxl-barrel-shift -mxl-pattern-compare -mcpu=v11.0 -mno-xl-soft-mul -Wl,--no-relax -Wl,--gc-sections -o "MB1_mutex.elf"  ./src/m1_mutex.o   -Wl,--start-group,-lxil,-lgcc,-lc,--end-group
'Finished building target: MB1_mutex.elf'
' '
'Invoking: MicroBlaze Print Size'
mb-size MB1_mutex.elf  |tee "MB1_mutex.elf.size"
   text	   data	    bss	    dec	    hex	filename
   4202	    364	   3122	   7688	   1e08	MB1_mutex.elf
'Finished building: MB1_mutex.elf.size'
' '
11:20:56 **** Auto Build of configuration Debug for project MB1_mutex ****
make all 
make: Nothing to be done for 'all'.
11:21:54 **** Auto Build of configuration Debug for project MB1_mutex ****
make all 
'Building file: ../src/m1_mutex.c'
'Invoking: MicroBlaze gcc compiler'
mb-gcc -Wall -O0 -g3 -c -fmessage-length=0 -MT"src/m1_mutex.o" -I../../MB1_mutex_bsp/microblaze_0/include -mno-xl-reorder -mlittle-endian -mxl-barrel-shift -mxl-pattern-compare -mcpu=v11.0 -mno-xl-soft-mul -Wl,--no-relax -ffunction-sections -fdata-sections -MMD -MP -MF"src/m1_mutex.d" -MT"src/m1_mutex.o" -o "src/m1_mutex.o" "../src/m1_mutex.c"
In file included from ../../MB1_mutex_bsp/microblaze_0/include/xmutex.h:127:0,
                 from ../src/m1_mutex.c:9:
../src/m1_mutex.c: In function 'main':
../../MB1_mutex_bsp/microblaze_0/include/xmutex_hw.h:126:11: warning: passing argument 1 of 'Xil_In32' makes integer from pointer without a cast [-Wint-conversion]
  Xil_In32((BaseAddress) + XMutex_Offset(MutexNumber) + (RegOffset))
           ^
../src/m1_mutex.c:32:12: note: in expansion of macro 'XMutex_ReadReg'
      cal = XMutex_ReadReg(&Mutex, 0, 0);
            ^~~~~~~~~~~~~~
In file included from ../../MB1_mutex_bsp/microblaze_0/include/xmutex_hw.h:62:0,
                 from ../../MB1_mutex_bsp/microblaze_0/include/xmutex.h:127,
                 from ../src/m1_mutex.c:9:
../../MB1_mutex_bsp/microblaze_0/include/xil_io.h:147:19: note: expected 'UINTPTR {aka unsigned int}' but argument is of type 'XMutex * {aka struct <anonymous> *}'
 static INLINE u32 Xil_In32(UINTPTR Addr)
                   ^~~~~~~~
../src/m1_mutex.c:34:6: warning: implicit declaration of function 'sleep'; did you mean 'strsep'? [-Wimplicit-function-declaration]
      sleep(1);
      ^~~~~
      strsep
'Finished building: ../src/m1_mutex.c'
' '
'Building target: MB1_mutex.elf'
'Invoking: MicroBlaze gcc linker'
mb-gcc -Wl,-T -Wl,../src/lscript.ld -L../../MB1_mutex_bsp/microblaze_0/lib -mlittle-endian -mxl-barrel-shift -mxl-pattern-compare -mcpu=v11.0 -mno-xl-soft-mul -Wl,--no-relax -Wl,--gc-sections -o "MB1_mutex.elf"  ./src/m1_mutex.o   -Wl,--start-group,-lxil,-lgcc,-lc,--end-group
'Finished building target: MB1_mutex.elf'
' '
'Invoking: MicroBlaze Print Size'
mb-size MB1_mutex.elf  |tee "MB1_mutex.elf.size"
   text	   data	    bss	    dec	    hex	filename
   4202	    364	   3122	   7688	   1e08	MB1_mutex.elf
'Finished building: MB1_mutex.elf.size'
' '
11:22:07 **** Auto Build of configuration Debug for project MB2_mutex ****
make all 
'Building file: ../src/m2_mutex.c'
'Invoking: MicroBlaze gcc compiler'
mb-gcc -Wall -O0 -g3 -c -fmessage-length=0 -MT"src/m2_mutex.o" -I../../MB2_mutex_bsp/microblaze_1/include -mno-xl-reorder -mlittle-endian -mxl-barrel-shift -mxl-pattern-compare -mcpu=v11.0 -mno-xl-soft-mul -Wl,--no-relax -ffunction-sections -fdata-sections -MMD -MP -MF"src/m2_mutex.d" -MT"src/m2_mutex.o" -o "src/m2_mutex.o" "../src/m2_mutex.c"
In file included from ../../MB2_mutex_bsp/microblaze_1/include/xmutex.h:127:0,
                 from ../src/m2_mutex.c:9:
../src/m2_mutex.c: In function 'main':
../../MB2_mutex_bsp/microblaze_1/include/xmutex_hw.h:145:12: warning: passing argument 1 of 'Xil_Out32' makes integer from pointer without a cast [-Wint-conversion]
  Xil_Out32(((BaseAddress) + XMutex_Offset(MutexNumber) +     \
            ^
../src/m2_mutex.c:28:7: note: in expansion of macro 'XMutex_WriteReg'
       XMutex_WriteReg(&Mutex, 0, 0, cal);
       ^~~~~~~~~~~~~~~
In file included from ../../MB2_mutex_bsp/microblaze_1/include/xmutex_hw.h:62:0,
                 from ../../MB2_mutex_bsp/microblaze_1/include/xmutex.h:127,
                 from ../src/m2_mutex.c:9:
../../MB2_mutex_bsp/microblaze_1/include/xil_io.h:219:20: note: expected 'UINTPTR {aka unsigned int}' but argument is of type 'XMutex * {aka struct <anonymous> *}'
 static INLINE void Xil_Out32(UINTPTR Addr, u32 Value)
                    ^~~~~~~~~
In file included from ../../MB2_mutex_bsp/microblaze_1/include/xmutex.h:127:0,
                 from ../src/m2_mutex.c:9:
../../MB2_mutex_bsp/microblaze_1/include/xmutex_hw.h:145:12: warning: passing argument 1 of 'Xil_Out32' makes integer from pointer without a cast [-Wint-conversion]
  Xil_Out32(((BaseAddress) + XMutex_Offset(MutexNumber) +     \
            ^
../src/m2_mutex.c:32:7: note: in expansion of macro 'XMutex_WriteReg'
       XMutex_WriteReg(&Mutex, 0, 0, cal);
       ^~~~~~~~~~~~~~~
In file included from ../../MB2_mutex_bsp/microblaze_1/include/xmutex_hw.h:62:0,
                 from ../../MB2_mutex_bsp/microblaze_1/include/xmutex.h:127,
                 from ../src/m2_mutex.c:9:
../../MB2_mutex_bsp/microblaze_1/include/xil_io.h:219:20: note: expected 'UINTPTR {aka unsigned int}' but argument is of type 'XMutex * {aka struct <anonymous> *}'
 static INLINE void Xil_Out32(UINTPTR Addr, u32 Value)
                    ^~~~~~~~~
../src/m2_mutex.c:34:6: warning: implicit declaration of function 'sleep'; did you mean 'strsep'? [-Wimplicit-function-declaration]
      sleep(1);
      ^~~~~
      strsep
'Finished building: ../src/m2_mutex.c'
' '
'Building target: MB2_mutex.elf'
'Invoking: MicroBlaze gcc linker'
mb-gcc -Wl,-T -Wl,../src/lscript.ld -L../../MB2_mutex_bsp/microblaze_1/lib -mlittle-endian -mxl-barrel-shift -mxl-pattern-compare -mcpu=v11.0 -mno-xl-soft-mul -Wl,--no-relax -Wl,--gc-sections -o "MB2_mutex.elf"  ./src/m2_mutex.o   -Wl,--start-group,-lxil,-lgcc,-lc,--end-group
'Finished building target: MB2_mutex.elf'
' '
'Invoking: MicroBlaze Print Size'
mb-size MB2_mutex.elf  |tee "MB2_mutex.elf.size"
   text	   data	    bss	    dec	    hex	filename
   3226	    304	   3118	   6648	   19f8	MB2_mutex.elf
'Finished building: MB2_mutex.elf.size'
' '
