16:56:08 **** Auto Build of configuration Debug for project monte_carlo_single_core ****
make all 
'Building file: ../src/monte_carlo_single_core.c'
'Invoking: MicroBlaze gcc compiler'
mb-gcc -Wall -O0 -g3 -c -fmessage-length=0 -MT"src/monte_carlo_single_core.o" -I../../monte_carlo_single_core_bsp/microblaze_0/include -mno-xl-reorder -mlittle-endian -mxl-barrel-shift -mxl-pattern-compare -mcpu=v11.0 -mno-xl-soft-mul -Wl,--no-relax -ffunction-sections -fdata-sections -MMD -MP -MF"src/monte_carlo_single_core.d" -MT"src/monte_carlo_single_core.o" -o "src/monte_carlo_single_core.o" "../src/monte_carlo_single_core.c"
../src/monte_carlo_single_core.c: In function 'main':
../src/monte_carlo_single_core.c:110:10: warning: unused variable 'pi' [-Wunused-variable]
    float pi=4*in_count/tot_count;
          ^~
'Finished building: ../src/monte_carlo_single_core.c'
' '
'Building target: monte_carlo_single_core.elf'
'Invoking: MicroBlaze gcc linker'
mb-gcc -Wl,-T -Wl,../src/lscript.ld -L../../monte_carlo_single_core_bsp/microblaze_0/lib -mlittle-endian -mxl-barrel-shift -mxl-pattern-compare -mcpu=v11.0 -mno-xl-soft-mul -Wl,--no-relax -Wl,--gc-sections -o "monte_carlo_single_core.elf"  ./src/monte_carlo_single_core.o   -Wl,--start-group,-lxil,-lgcc,-lc,--end-group
'Finished building target: monte_carlo_single_core.elf'
' '
'Invoking: MicroBlaze Print Size'
mb-size monte_carlo_single_core.elf  |tee "monte_carlo_single_core.elf.size"
   text	   data	    bss	    dec	    hex	filename
   7370	    260	   3122	  10752	   2a00	monte_carlo_single_core.elf
'Finished building: monte_carlo_single_core.elf.size'
' '

16:56:09 Build Finished (took 681ms)

