17:07:43 **** Build of configuration Debug for project uBlaze1 ****
make all 
'Building file: ../src/uBlaze1.c'
'Invoking: MicroBlaze gcc compiler'
mb-gcc -Wall -O0 -g3 -c -fmessage-length=0 -MT"src/uBlaze1.o" -I../../uBlaze1_bsp/microblaze_1/include -mno-xl-reorder -mlittle-endian -mxl-barrel-shift -mxl-pattern-compare -mcpu=v11.0 -mno-xl-soft-mul -Wl,--no-relax -ffunction-sections -fdata-sections -MMD -MP -MF"src/uBlaze1.d" -MT"src/uBlaze1.o" -o "src/uBlaze1.o" "../src/uBlaze1.c"
../src/uBlaze1.c: In function 'main':
../src/uBlaze1.c:58:11: warning: implicit declaration of function 'sleep'; did you mean 'strsep'? [-Wimplicit-function-declaration]
           sleep(5);
           ^~~~~
           strsep
'Finished building: ../src/uBlaze1.c'
' '
'Building target: uBlaze1.elf'
'Invoking: MicroBlaze gcc linker'
mb-gcc -Wl,-T -Wl,../src/lscript.ld -L../../uBlaze1_bsp/microblaze_1/lib -mlittle-endian -mxl-barrel-shift -mxl-pattern-compare -mcpu=v11.0 -mno-xl-soft-mul -Wl,--no-relax -Wl,--gc-sections -o "uBlaze1.elf"  ./src/uBlaze1.o   -Wl,--start-group,-lxil,-lgcc,-lc,--end-group
'Finished building target: uBlaze1.elf'
' '
'Invoking: MicroBlaze Print Size'
mb-size uBlaze1.elf  |tee "uBlaze1.elf.size"
   text	   data	    bss	    dec	    hex	filename
   4046	    492	   3118	   7656	   1de8	uBlaze1.elf
'Finished building: uBlaze1.elf.size'
' '

17:07:45 Build Finished (took 1s.222ms)

