15:35:30 **** Auto Build of configuration Debug for project uBlaze1 ****
make all 
'Building file: ../src/uBlaze1.c'
'Invoking: MicroBlaze gcc compiler'
mb-gcc -Wall -O0 -g3 -c -fmessage-length=0 -MT"src/uBlaze1.o" -I../../uBlaze1_bsp/microblaze_1/include -mno-xl-reorder -mlittle-endian -mxl-barrel-shift -mxl-pattern-compare -mcpu=v11.0 -mno-xl-soft-mul -Wl,--no-relax -ffunction-sections -fdata-sections -MMD -MP -MF"src/uBlaze1.d" -MT"src/uBlaze1.o" -o "src/uBlaze1.o" "../src/uBlaze1.c"
../src/uBlaze1.c: In function 'main':
../src/uBlaze1.c:50:6: warning: implicit declaration of function 'sleep'; did you mean 'strsep'? [-Wimplicit-function-declaration]
      sleep(1);
      ^~~~~
      strsep
../src/uBlaze1.c:30:9: warning: variable 'cal' set but not used [-Wunused-but-set-variable]
     int cal = 64;
         ^~~
'Finished building: ../src/uBlaze1.c'
' '
'Building target: uBlaze1.elf'
'Invoking: MicroBlaze gcc linker'
mb-gcc -Wl,-T -Wl,../src/lscript.ld -L../../uBlaze1_bsp/microblaze_1/lib -mlittle-endian -mxl-barrel-shift -mxl-pattern-compare -mcpu=v11.0 -mno-xl-soft-mul -Wl,--no-relax -Wl,--gc-sections -o "uBlaze1.elf"  ./src/uBlaze1.o   -Wl,--start-group,-lxil,-lgcc,-lc,--end-group
'Finished building target: uBlaze1.elf'
' '
'Invoking: MicroBlaze Print Size'
mb-size uBlaze1.elf  |tee "uBlaze1.elf.size"
   text	   data	    bss	    dec	    hex	filename
   4006	    492	   3118	   7616	   1dc0	uBlaze1.elf
'Finished building: uBlaze1.elf.size'
' '

15:35:31 Build Finished (took 727ms)

